Archive member included to satisfy reference by file (symbol)

/home/mcawful/n64src/tcx/opt/libdragon/bin/../lib/gcc/mips64-elf/16.2.0/../../../../mips64-elf/lib/libdragon.a(entrypoint.o)
                              (_start)
/home/mcawful/n64src/tcx/opt/libdragon/bin/../lib/gcc/mips64-elf/16.2.0/../../../../mips64-elf/lib/libdragon.a(debug.o)
                              /home/mcawful/n64src/tcx/opt/libdragon/bin/../lib/gcc/mips64-elf/16.2.0/../../../../mips64-elf/lib/libdragon.a(entrypoint.o) (debug_assert_func)
/home/mcawful/n64src/tcx/opt/libdragon/bin/../lib/gcc/mips64-elf/16.2.0/../../../../mips64-elf/lib/libdragon.a(usb.o)
                              build/main.o (usb_getcart)
/home/mcawful/n64src/tcx/opt/libdragon/bin/../lib/gcc/mips64-elf/16.2.0/../../../../mips64-elf/lib/libdragon.a(cart.o)
                              /home/mcawful/n64src/tcx/opt/libdragon/bin/../lib/gcc/mips64-elf/16.2.0/../../../../mips64-elf/lib/libdragon.a(debug.o) (cart_init)
/home/mcawful/n64src/tcx/opt/libdragon/bin/../lib/gcc/mips64-elf/16.2.0/../../../../mips64-elf/lib/libdragon.a(ff.o)
                              /home/mcawful/n64src/tcx/opt/libdragon/bin/../lib/gcc/mips64-elf/16.2.0/../../../../mips64-elf/lib/libdragon.a(debug.o) (f_mount)
/home/mcawful/n64src/tcx/opt/libdragon/bin/../lib/gcc/mips64-elf/16.2.0/../../../../mips64-elf/lib/libdragon.a(ffunicode.o)
                              /home/mcawful/n64src/tcx/opt/libdragon/bin/../lib/gcc/mips64-elf/16.2.0/../../../../mips64-elf/lib/libdragon.a(ff.o) (ff_uni2oem)
/home/mcawful/n64src/tcx/opt/libdragon/bin/../lib/gcc/mips64-elf/16.2.0/../../../../mips64-elf/lib/libdragon.a(console.o)
                              build/main.o (console_set_render_mode)
/home/mcawful/n64src/tcx/opt/libdragon/bin/../lib/gcc/mips64-elf/16.2.0/../../../../mips64-elf/lib/libdragon.a(graphics.o)
                              /home/mcawful/n64src/tcx/opt/libdragon/bin/../lib/gcc/mips64-elf/16.2.0/../../../../mips64-elf/lib/libdragon.a(console.o) (graphics_set_color)
/home/mcawful/n64src/tcx/opt/libdragon/bin/../lib/gcc/mips64-elf/16.2.0/../../../../mips64-elf/lib/libdragon.a(inspector.o)
                              /home/mcawful/n64src/tcx/opt/libdragon/bin/../lib/gcc/mips64-elf/16.2.0/../../../../mips64-elf/lib/libdragon.a(debug.o) (__inspector_assertion)
/home/mcawful/n64src/tcx/opt/libdragon/bin/../lib/gcc/mips64-elf/16.2.0/../../../../mips64-elf/lib/libdragon.a(sprite.o)
                              /home/mcawful/n64src/tcx/opt/libdragon/bin/../lib/gcc/mips64-elf/16.2.0/../../../../mips64-elf/lib/libdragon.a(graphics.o) (__sprite_upgrade)
/home/mcawful/n64src/tcx/opt/libdragon/bin/../lib/gcc/mips64-elf/16.2.0/../../../../mips64-elf/lib/libdragon.a(dma.o)
                              /home/mcawful/n64src/tcx/opt/libdragon/bin/../lib/gcc/mips64-elf/16.2.0/../../../../mips64-elf/lib/libdragon.a(debug.o) (io_accessible)
/home/mcawful/n64src/tcx/opt/libdragon/bin/../lib/gcc/mips64-elf/16.2.0/../../../../mips64-elf/lib/libdragon.a(timer.o)
                              build/main.o (timer_init)
/home/mcawful/n64src/tcx/opt/libdragon/bin/../lib/gcc/mips64-elf/16.2.0/../../../../mips64-elf/lib/libdragon.a(exception.o)
                              /home/mcawful/n64src/tcx/opt/libdragon/bin/../lib/gcc/mips64-elf/16.2.0/../../../../mips64-elf/lib/libdragon.a(inspector.o) (__exception_dump_header)
/home/mcawful/n64src/tcx/opt/libdragon/bin/../lib/gcc/mips64-elf/16.2.0/../../../../mips64-elf/lib/libdragon.a(do_ctors.o)
                              /home/mcawful/n64src/tcx/opt/libdragon/bin/../lib/gcc/mips64-elf/16.2.0/../../../../mips64-elf/lib/libdragon.a(entrypoint.o) (__wrap___do_global_ctors)
/home/mcawful/n64src/tcx/opt/libdragon/bin/../lib/gcc/mips64-elf/16.2.0/../../../../mips64-elf/lib/libdragon.a(dlfcn.o)
                              /home/mcawful/n64src/tcx/opt/libdragon/bin/../lib/gcc/mips64-elf/16.2.0/../../../../mips64-elf/lib/libdragon.a(inspector.o) (__dl_list_head)
/home/mcawful/n64src/tcx/opt/libdragon/bin/../lib/gcc/mips64-elf/16.2.0/../../../../mips64-elf/lib/libdragon.a(controller.o)
                              /home/mcawful/n64src/tcx/opt/libdragon/bin/../lib/gcc/mips64-elf/16.2.0/../../../../mips64-elf/lib/libdragon.a(inspector.o) (controller_read)
/home/mcawful/n64src/tcx/opt/libdragon/bin/../lib/gcc/mips64-elf/16.2.0/../../../../mips64-elf/lib/libdragon.a(eeprom.o)
                              build/save_hw.o (eeprom_present)
/home/mcawful/n64src/tcx/opt/libdragon/bin/../lib/gcc/mips64-elf/16.2.0/../../../../mips64-elf/lib/libdragon.a(joybus_accessory.o)
                              /home/mcawful/n64src/tcx/opt/libdragon/bin/../lib/gcc/mips64-elf/16.2.0/../../../../mips64-elf/lib/libdragon.a(controller.o) (joybus_accessory_read)
/home/mcawful/n64src/tcx/opt/libdragon/bin/../lib/gcc/mips64-elf/16.2.0/../../../../mips64-elf/lib/libdragon.a(joybus.o)
[...]
Memory Configuration

Name             Origin             Length             Attributes
*default*        0x00000000         0xffffffff

Linker script and memory map

LOAD /home/mcawful/n64src/tcx/opt/libdragon/bin/../lib/gcc/mips64-elf/16.2.0/crti.o
LOAD /home/mcawful/n64src/tcx/opt/libdragon/bin/../lib/gcc/mips64-elf/16.2.0/crtbegin.o
LOAD build/main.o
LOAD build/test_proto.o
LOAD build/save_hw.o
LOAD /home/mcawful/n64src/tcx/opt/libdragon/bin/../lib/gcc/mips64-elf/16.2.0/../../../../mips64-elf/lib/libdragon.a
LOAD /home/mcawful/n64src/tcx/opt/libdragon/bin/../lib/gcc/mips64-elf/16.2.0/../../../../mips64-elf/lib/libm.a
LOAD /home/mcawful/n64src/tcx/opt/libdragon/bin/../lib/gcc/mips64-elf/16.2.0/../../../../mips64-elf/lib/libdragonsys.a

.intvectors     0x80000000      0x188
                0x80000000                        . = ALIGN (0x20)
 *(.intvectors)
 .intvectors    0x80000000      0x188 /home/mcawful/n64src/tcx/opt/libdragon/bin/../lib/gcc/mips64-elf/16.2.0/../../../../mips64-elf/lib/libdragon.a(inthandler.o)
                0x80000188                        __intvectors_end = .

.text           0x80000400    0x1ee90
                0x80000400                        __text_start = .
 *(.boot)
 .boot          0x80000400       0x68 /home/mcawful/n64src/tcx/opt/libdragon/bin/../lib/gcc/mips64-elf/16.2.0/../../../../mips64-elf/lib/libdragon.a(entrypoint.o)
                0x80000400                _start
                0x80000470                        . = ALIGN (0x10)
 *fill*         0x80000468        0x8 
 *(.text)
 *fill*         0x80000470       0x10 
 .text          0x80000480      0x380 /home/mcawful/n64src/tcx/opt/libdragon/bin/../lib/gcc/mips64-elf/16.2.0/../../../../mips64-elf/lib/libdragon.a(inthandler.o)
                0x80000480                inthandler
                0x80000800                inthandler_end
 .text          0x80000800       0x18 /home/mcawful/n64src/tcx/opt/libdragon/bin/../lib/gcc/mips64-elf/16.2.0/../../../../mips64-elf/lib/libc.a(libc_a-abort.o)
                0x80000800                abort
 .text          0x80000818      0x110 /home/mcawful/n64src/tcx/opt/libdragon/bin/../lib/gcc/mips64-elf/16.2.0/../../../../mips64-elf/lib/libc.a(libc_a-callocr.o)
                0x80000818                _calloc_r
 .text          0x80000928       0x20 /home/mcawful/n64src/tcx/opt/libdragon/bin/../lib/gcc/mips64-elf/16.2.0/../../../../mips64-elf/lib/libc.a(libc_a-malloc.o)
                0x80000928                malloc
                0x80000938                free
 .text          0x80000948      0x978 /home/mcawful/n64src/tcx/opt/libdragon/bin/../lib/gcc/mips64-elf/16.2.0/../../../../mips64-elf/lib/libc.a(libc_a-mallocr.o)
                0x80000948                _malloc_r
 .text          0x800012c0       0x20 /home/mcawful/n64src/tcx/opt/libdragon/bin/../lib/gcc/mips64-elf/16.2.0/../../../../mips64-elf/lib/libc.a(libc_a-mlock.o)
                0x800012c0                __malloc_lock
                0x800012d0                __malloc_unlock
 .text          0x800012e0      0x5b8 /home/mcawful/n64src/tcx/opt/libdragon/bin/../lib/gcc/mips64-elf/16.2.0/../../../../mips64-elf/lib/libc.a(libc_a-reallocr.o)
                0x800012e0                _realloc_r
 .text          0x80001898       0x18 /home/mcawful/n64src/tcx/opt/libdragon/bin/../lib/gcc/mips64-elf/16.2.0/../../../../mips64-elf/lib/libc.a(libc_a-malign.o)
                0x80001898                memalign
 .text          0x800018b0      0x1e8 /home/mcawful/n64src/tcx/opt/libdragon/bin/../lib/gcc/mips64-elf/16.2.0/../../../../mips64-elf/lib/libc.a(libc_a-malignr.o)
                0x800018b0                _memalign_r
 .text          0x80001a98     0x2ad0 /home/mcawful/n64src/tcx/opt/libdragon/bin/../lib/gcc/mips64-elf/16.2.0/../../../../mips64-elf/lib/libc.a(libc_a-vfprintf.o)
                0x80001a98                _vfprintf_r
                0x80004460                vfprintf
 .text          0x80004568       0x40 /home/mcawful/n64src/tcx/opt/libdragon/bin/../lib/gcc/mips64-elf/16.2.0/../../../../mips64-elf/lib/libc.a(libc_a-sprint_r.o)
                0x80004568                __sprint_r
 .text          0x800045a8      0x468 /home/mcawful/n64src/tcx/opt/libdragon/bin/../lib/gcc/mips64-elf/16.2.0/../../../../mips64-elf/lib/libc.a(libc_a-fflush.o)
                0x800045a8                __sflush_r
                0x80004818                _fflush_r
                0x80004918                fflush
 .text          0x80004a10      0x510 /home/mcawful/n64src/tcx/opt/libdragon/bin/../lib/gcc/mips64-elf/16.2.0/../../../../mips64-elf/lib/libc.a(libc_a-findfp.o)
                0x80004ca8                __sfp
                0x80004e18                __sinit
                0x80004e90                __sfp_lock_acquire
                0x80004ea0                __sfp_lock_release
                0x80004eb0                __fp_lock_all
                0x80004ee8                __fp_unlock_all
 .text          0x80004f20       0x68 /home/mcawful/n64src/tcx/opt/libdragon/bin/../lib/gcc/mips64-elf/16.2.0/../../../../mips64-elf/lib/libc.a(libc_a-fprintf.o)
                0x80004f20                _fprintf_r
                0x80004f48                fprintf
 .text          0x80004f88      0x1a0 /home/mcawful/n64src/tcx/opt/libdragon/bin/../lib/gcc/mips64-elf/16.2.0/../../../../mips64-elf/lib/libc.a(libc_a-fputc.o)
                0x80004f88                _fputc_r
                0x80005058                fputc
 .text          0x80005128      0x550 /home/mcawful/n64src/tcx/opt/libdragon/bin/../lib/gcc/mips64-elf/16.2.0/../../../../mips64-elf/lib/libc.a(libc_a-fvwrite.o)
                0x80005128                __sfvwrite_r
 .text          0x80005678       0xc0 /home/mcawful/n64src/tcx/opt/libdragon/bin/../lib/gcc/mips64-elf/16.2.0/../../../../mips64-elf/lib/libc.a(libc_a-fwalk.o)
                0x80005678                _fwalk_sglue
 .text          0x80005738      0x258 /home/mcawful/n64src/tcx/opt/libdragon/bin/../lib/gcc/mips64-elf/16.2.0/../../../../mips64-elf/lib/libc.a(libc_a-fwrite.o)
                0x80005738                _fwrite_r
                0x80005960                fwrite
 .text          0x80005990       0x78 /home/mcawful/n64src/tcx/opt/libdragon/bin/../lib/gcc/mips64-elf/16.2.0/../../../../mips64-elf/lib/libc.a(libc_a-printf.o)
                0x80005990                _printf_r
                0x800059c8                printf
 .text          0x80005a08      0x240 /home/mcawful/n64src/tcx/opt/libdragon/bin/../lib/gcc/mips64-elf/16.2.0/../../../../mips64-elf/lib/libc.a(libc_a-putc.o)
                0x80005a08                _putc_r
                0x80005b20                putc
 .text          0x80005c48       0x20 /home/mcawful/n64src/tcx/opt/libdragon/bin/../lib/gcc/mips64-elf/16.2.0/../../../../mips64-elf/lib/libc.a(libc_a-putchar.o)
                0x80005c48                _putchar_r
                0x80005c50                putchar
 .text          0x80005c68      0x198 /home/mcawful/n64src/tcx/opt/libdragon/bin/../lib/gcc/mips64-elf/16.2.0/../../../../mips64-elf/lib/libc.a(libc_a-puts.o)
                0x80005c68                _puts_r
                0x80005df0                puts
 .text          0x80005e00      0x150 /home/mcawful/n64src/tcx/opt/libdragon/bin/../lib/gcc/mips64-elf/16.2.0/../../../../mips64-elf/lib/libc.a(libc_a-snprintf.o)
                0x80005e00                _snprintf_r
                0x80005ea8                snprintf
 .text          0x80005f50       0xe0 /home/mcawful/n64src/tcx/opt/libdragon/bin/../lib/gcc/mips64-elf/16.2.0/../../../../mips64-elf/lib/libc.a(libc_a-sprintf.o)
                0x80005f50                _sprintf_r
                0x80005fb8                sprintf
 .text          0x80006030      0x168 /home/mcawful/n64src/tcx/opt/libdragon/bin/../lib/gcc/mips64-elf/16.2.0/../../../../mips64-elf/lib/libc.a(libc_a-stdio.o)
                0x80006030                __sread
                0x80006088                __seofread
                0x80006090                __swrite
                0x80006128                __sseek
                0x80006190                __sclose
 .text          0x80006198       0x30 /home/mcawful/n64src/tcx/opt/libdragon/bin/../lib/gcc/mips64-elf/16.2.0/../../../../mips64-elf/lib/libc.a(libc_a-vprintf.o)
                0x80006198                vprintf
                0x800061b0                _vprintf_r
 .text          0x800061c8      0x1b8 /home/mcawful/n64src/tcx/opt/libdragon/bin/../lib/gcc/mips64-elf/16.2.0/../../../../mips64-elf/lib/libc.a(libc_a-wbuf.o)
                0x800061c8                __swbuf_r
                0x80006368                __swbuf
 .text          0x80006380      0x188 /home/mcawful/n64src/tcx/opt/libdragon/bin/../lib/gcc/mips64-elf/16.2.0/../../../../mips64-elf/lib/libc.a(libc_a-wsetup.o)
                0x80006380                __swsetup_r
 .text          0x80006508       0xd0 /home/mcawful/n64src/tcx/opt/libdragon/bin/../lib/gcc/mips64-elf/16.2.0/../../../../mips64-elf/lib/libc.a(libc_a-memchr.o)
                0x80006508                memchr
 .text          0x800065d8       0x80 /home/mcawful/n64src/tcx/opt/libdragon/bin/../lib/gcc/mips64-elf/16.2.0/../../../../mips64-elf/lib/libc.a(libc_a-memcmp.o)
                0x800065d8                memcmp
 .text          0x80006658      0x158 /home/mcawful/n64src/tcx/opt/libdragon/bin/../lib/gcc/mips64-elf/16.2.0/../../../../mips64-elf/lib/libc.a(libc_a-memmove.o)
                0x80006658                memmove
 .text          0x800067b0       0xd0 /home/mcawful/n64src/tcx/opt/libdragon/bin/../lib/gcc/mips64-elf/16.2.0/../../../../mips64-elf/lib/libc.a(libc_a-strcat.o)
                0x800067b0                strcat
 .text          0x80006880      0x180 /home/mcawful/n64src/tcx/opt/libdragon/bin/../lib/gcc/mips64-elf/16.2.0/../../../../mips64-elf/lib/libc.a(libc_a-strchr.o)
                0x80006880                strchr
 .text          0x80006a00       0xa8 /home/mcawful/n64src/tcx/opt/libdragon/bin/../lib/gcc/mips64-elf/16.2.0/../../../../mips64-elf/lib/libc.a(libc_a-strcpy.o)
                0x80006a00                strcpy
 .text          0x80006aa8       0x70 /home/mcawful/n64src/tcx/opt/libdragon/bin/../lib/gcc/mips64-elf/16.2.0/../../../../mips64-elf/lib/libc.a(libc_a-strrchr.o)
                0x80006aa8                strrchr
 .text          0x80006b18      0xb40 /home/mcawful/n64src/tcx/opt/libdragon/bin/../lib/gcc/mips64-elf/16.2.0/../../../../mips64-elf/lib/libc.a(libc_a-strstr.o)
                0x80007358                strstr
 .text          0x80007658      0x540 /home/mcawful/n64src/tcx/opt/libdragon/bin/../lib/gcc/mips64-elf/16.2.0/../../../../mips64-elf/lib/libc.a(libc_a-signal.o)
                0x80007658                _init_signal_r
                0x800076c0                _signal_r
                0x80007768                _raise_r
                0x80007818                __sigtramp_r
                0x800078f8                raise
                0x800079a8                signal
                0x80007a50                _init_signal
                0x80007ab8                __sigtramp
 .text          0x80007b98       0x28 /home/mcawful/n64src/tcx/opt/libdragon/bin/../lib/gcc/mips64-elf/16.2.0/../../../../mips64-elf/lib/libc.a(libc_a-localeconv.o)
                0x80007b98                __localeconv_l
                0x80007ba0                _localeconv_r
                0x80007bb0                localeconv
 .text          0x80007bc0       0x48 /home/mcawful/n64src/tcx/opt/libdragon/bin/../lib/gcc/mips64-elf/16.2.0/../../../../mips64-elf/lib/libc.a(libc_a-closer.o)
                0x80007bc0                _close_r
 .text          0x80007c08       0x50 /home/mcawful/n64src/tcx/opt/libdragon/bin/../lib/gcc/mips64-elf/16.2.0/../../../../mips64-elf/lib/libc.a(libc_a-fstatr.o)
                0x80007c08                _fstat_r
 .text          0x80007c58       0x58 /home/mcawful/n64src/tcx/opt/libdragon/bin/../lib/gcc/mips64-elf/16.2.0/../../../../mips64-elf/lib/libc.a(libc_a-lseekr.o)
                0x80007c58                _lseek_r
 .text          0x80007cb0       0x58 /home/mcawful/n64src/tcx/opt/libdragon/bin/../lib/gcc/mips64-elf/16.2.0/../../../../mips64-elf/lib/libc.a(libc_a-readr.o)
                0x80007cb0                _read_r
 .text          0x80007d08       0x58 /home/mcawful/n64src/tcx/opt/libdragon/bin/../lib/gcc/mips64-elf/16.2.0/../../../../mips64-elf/lib/libc.a(libc_a-signalr.o)
                0x80007d08                _kill_r
                0x80007d58                _getpid_r
 .text          0x80007d60       0x48 /home/mcawful/n64src/tcx/opt/libdragon/bin/../lib/gcc/mips64-elf/16.2.0/../../../../mips64-elf/lib/libc.a(libc_a-sbrkr.o)
                0x80007d60                _sbrk_r
 .text          0x80007da8       0x58 /home/mcawful/n64src/tcx/opt/libdragon/bin/../lib/gcc/mips64-elf/16.2.0/../../../../mips64-elf/lib/libc.a(libc_a-writer.o)
                0x80007da8                _write_r
 .text          0x80007e00        0x8 /home/mcawful/n64src/tcx/opt/libdragon/bin/../lib/gcc/mips64-elf/16.2.0/../../../../mips64-elf/lib/libc.a(libc_a-errno.o)
                0x80007e00                __errno
 .text          0x80007e08       0x50 /home/mcawful/n64src/tcx/opt/libdragon/bin/../lib/gcc/mips64-elf/16.2.0/../../../../mips64-elf/lib/libc.a(libc_a-lock.o)
                0x80007e08                __retarget_lock_init
                0x80007e10                __retarget_lock_init_recursive
                0x80007e18                __retarget_lock_close
                0x80007e20                __retarget_lock_close_recursive
                0x80007e28                __retarget_lock_acquire
                0x80007e30                __retarget_lock_acquire_recursive
                0x80007e38                __retarget_lock_try_acquire
                0x80007e40                __retarget_lock_try_acquire_recursive
                0x80007e48                __retarget_lock_release
                0x80007e50                __retarget_lock_release_recursive
 .text          0x80007e58       0x18 /home/mcawful/n64src/tcx/opt/libdragon/bin/../lib/gcc/mips64-elf/16.2.0/../../../../mips64-elf/lib/libc.a(libc_a-strlen.o)
                0x80007e58                strlen
 .text          0x80007e70      0x240 /home/mcawful/n64src/tcx/opt/libdragon/bin/../lib/gcc/mips64-elf/16.2.0/../../../../mips64-elf/lib/libc.a(libc_a-strcmp.o)
                0x80007e70                strcmp
 .text          0x800080b0      0x11c /home/mcawful/n64src/tcx/opt/libdragon/bin/../lib/gcc/mips64-elf/16.2.0/../../../../mips64-elf/lib/libc.a(libc_a-memset.o)
                0x800080b0                memset
 .text          0x800081cc      0x370 /home/mcawful/n64src/tcx/opt/libdragon/bin/../lib/gcc/mips64-elf/16.2.0/../../../../mips64-elf/lib/libc.a(libc_a-memcpy.o)
                0x800081cc                memcpy
 *fill*         0x8000853c        0x4 
 .text          0x80008540     0x18f8 /home/mcawful/n64src/tcx/opt/libdragon/bin/../lib/gcc/mips64-elf/16.2.0/../../../../mips64-elf/lib/libc.a(libc_a-dtoa.o)
                0x80008768                _dtoa_r
 .text          0x80009e38      0x460 /home/mcawful/n64src/tcx/opt/libdragon/bin/../lib/gcc/mips64-elf/16.2.0/../../../../mips64-elf/lib/libc.a(libc_a-freer.o)
                0x80009e38                _malloc_trim_r
                0x80009f68                _free_r
 .text          0x8000a298     0x1490 /home/mcawful/n64src/tcx/opt/libdragon/bin/../lib/gcc/mips64-elf/16.2.0/../../../../mips64-elf/lib/libc.a(libc_a-mprec.o)
                0x8000a298                _Balloc
                0x8000a358                _Bfree
                0x8000a388                __multadd
                0x8000a4f0                __s2b
                0x8000a668                __hi0bits
                0x8000a710                __lo0bits
                0x8000a828                __i2b
                0x8000a900                __multiply
                0x8000ab90                __pow5mult
                0x8000acf8                __lshift
                0x8000aea8                __mcmp
                0x8000af10                __mdiff
                0x8000b178                __ulp
                0x8000b248                __b2d
                0x8000b3e0                __d2b
                0x8000b528                __ratio
                0x8000b5e8                _mprec_log10
                0x8000b628                __copybits
                0x8000b6b0                __any_on
 .text          0x8000b728     0x27a0 /home/mcawful/n64src/tcx/opt/libdragon/bin/../lib/gcc/mips64-elf/16.2.0/../../../../mips64-elf/lib/libc.a(libc_a-svfprintf.o)
                0x8000b728                _svfprintf_r
 .text          0x8000dec8       0xc8 /home/mcawful/n64src/tcx/opt/libdragon/bin/../lib/gcc/mips64-elf/16.2.0/../../../../mips64-elf/lib/libc.a(libc_a-ssprint_r.o)
                0x8000dec8                __ssprint_r
 .text          0x8000df90      0x1c0 /home/mcawful/n64src/tcx/opt/libdragon/bin/../lib/gcc/mips64-elf/16.2.0/../../../../mips64-elf/lib/libc.a(libc_a-fclose.o)
                0x8000df90                _fclose_r
                0x8000e140                fclose
 .text          0x8000e150      0x248 /home/mcawful/n64src/tcx/opt/libdragon/bin/../lib/gcc/mips64-elf/16.2.0/../../../../mips64-elf/lib/libc.a(libc_a-makebuf.o)
                0x8000e150                __smakebuf_r
                0x8000e2d8                __swhatbuf_r
 .text          0x8000e398       0x40 /home/mcawful/n64src/tcx/opt/libdragon/bin/../lib/gcc/mips64-elf/16.2.0/../../../../mips64-elf/lib/libc.a(libc_a-strnlen.o)
                0x8000e398                strnlen
 .text          0x8000e3d8       0x48 /home/mcawful/n64src/tcx/opt/libdragon/bin/../lib/gcc/mips64-elf/16.2.0/../../../../mips64-elf/lib/libc.a(libc_a-isattyr.o)
                0x8000e3d8                _isatty_r
 .text          0x8000e420       0x70 /home/mcawful/n64src/tcx/opt/libdragon/bin/../lib/gcc/mips64-elf/16.2.0/../../../../mips64-elf/lib/libc.a(libc_a-mbtowc_r.o)
                0x8000e420                _mbtowc_r
                0x8000e430                __ascii_mbtowc
 .text          0x8000e490       0x48 /home/mcawful/n64src/tcx/opt/libdragon/bin/../lib/gcc/mips64-elf/16.2.0/../../../../mips64-elf/lib/libc.a(libc_a-wctomb_r.o)
                0x8000e490                _wctomb_r
                0x8000e4a0                __ascii_wctomb
 .text          0x8000e4d8      0x190 /home/mcawful/n64src/tcx/opt/libdragon/bin/../lib/gcc/mips64-elf/16.2.0/../../../../mips64-elf/lib/libc.a(libc_a-ssputs_r.o)
                0x8000e4d8                __ssputs_r
 *(.text.*)
 *fill*         0x8000e668       0x18 
 .text.run_m64t_usb_rx
                0x8000e680      0x100 build/main.o
 .text.startup.main
                0x8000e780      0x9c0 build/main.o
                0x8000e780                main
 .text.send_l3_app
                0x8000f140       0x80 build/test_proto.o
 .text.test_proto_rumble_pulse
                0x8000f1c0      0x100 build/test_proto.o
                0x8000f1c0                test_proto_rumble_pulse
 .text.test_proto_rumble_tick
                0x8000f2c0       0x80 build/test_proto.o
                0x8000f2c0                test_proto_rumble_tick
 .text.test_proto_send_l3_heartbeat
                0x8000f340       0x40 build/test_proto.o
                0x8000f340                test_proto_send_l3_heartbeat
 .text.test_proto_send_l3_log_ping
                0x8000f380       0x60 build/test_proto.o
                0x8000f380                test_proto_send_l3_log_ping
 .text.test_proto_set_joypad_port
                0x8000f3e0       0x40 build/test_proto.o
                0x8000f3e0                test_proto_set_joypad_port
 .text.test_proto_get_joypad_port
                0x8000f420       0x20 build/test_proto.o
                0x8000f420                test_proto_get_joypad_port
 .text.test_proto_send_controller_snapshot
                0x8000f440       0xa0 build/test_proto.o
                0x8000f440                test_proto_send_controller_snapshot
 .text.handle_m64t.constprop.0
                0x8000f4e0      0xa60 build/test_proto.o
 .text.test_proto_send_controller_poll_exit
                0x8000ff40       0x60 build/test_proto.o
                0x8000ff40                test_proto_send_controller_poll_exit
 .text.test_proto_send_stress_large
                0x8000ffa0      0x160 build/test_proto.o
                0x8000ffa0                test_proto_send_stress_large
 .text.test_proto_get_host_display_text
                0x80010100       0x20 build/test_proto.o
                0x80010100                test_proto_get_host_display_text
 .text.test_proto_send_bench_tick
                0x80010120       0x80 build/test_proto.o
                0x80010120                test_proto_send_bench_tick
 .text.test_proto_reset_all
                0x800101a0       0xc0 build/test_proto.o
                0x800101a0                test_proto_reset_all
 .text.test_proto_get_session_id
                0x80010260       0x20 build/test_proto.o
                0x80010260                test_proto_get_session_id
 .text.test_proto_get_rx_overflow_count
                0x80010280       0x20 build/test_proto.o
                0x80010280                test_proto_get_rx_overflow_count
 .text.test_proto_get_rx_resync_bytes
                0x800102a0       0x20 build/test_proto.o
                0x800102a0                test_proto_get_rx_resync_bytes
 .text.test_proto_get_bad_header_drops
                0x800102c0       0x20 build/test_proto.o
                0x800102c0                test_proto_get_bad_header_drops
 .text.test_proto_rx_append
                0x800102e0       0x80 build/test_proto.o
                0x800102e0                test_proto_rx_append
 .text.test_proto_drain_stream
                0x80010360      0x280 build/test_proto.o
                0x80010360                test_proto_drain_stream
 .text.test_proto_get_frames_handled
                0x800105e0       0x20 build/test_proto.o
                0x800105e0                test_proto_get_frames_handled
 .text.save_hw_eeprom_get_info
                0x80010600       0x40 build/save_hw.o
                0x80010600                save_hw_eeprom_get_info
 .text.save_hw_eeprom_read_bytes
                0x80010640       0x80 build/save_hw.o
                0x80010640                save_hw_eeprom_read_bytes
 .text.save_hw_eeprom_write_bytes
                0x800106c0       0x80 build/save_hw.o
                0x800106c0                save_hw_eeprom_write_bytes
 .text.save_hw_sram_size_bytes
                0x80010740       0x20 build/save_hw.o
                0x80010740                save_hw_sram_size_bytes
 .text.save_hw_sram_read
                0x80010760       0x20 build/save_hw.o
                0x80010760                save_hw_sram_read
 .text.save_hw_sram_write
                0x80010780       0x20 build/save_hw.o
                0x80010780                save_hw_sram_write
 .text.cb.0     0x800107a0       0xa0 /home/mcawful/n64src/tcx/opt/libdragon/bin/../lib/gcc/mips64-elf/16.2.0/../../../../mips64-elf/lib/libdragon.a(debug.o)
 .text.debug_assert_func_f
                0x80010840       0xe0 /home/mcawful/n64src/tcx/opt/libdragon/bin/../lib/gcc/mips64-elf/16.2.0/../../../../mips64-elf/lib/libdragon.a(debug.o)
                0x80010840                debug_assert_func_f
 .text.debug_assert_func
                0x80010920       0x20 /home/mcawful/n64src/tcx/opt/libdragon/bin/../lib/gcc/mips64-elf/16.2.0/../../../../mips64-elf/lib/libdragon.a(debug.o)
                0x80010920                debug_assert_func
 .text.debug_hexdump
                0x80010940      0x280 /home/mcawful/n64src/tcx/opt/libdragon/bin/../lib/gcc/mips64-elf/16.2.0/../../../../mips64-elf/lib/libdragon.a(debug.o)
                0x80010940                debug_hexdump
 .text.__debug_backtrace
                0x80010bc0      0x120 /home/mcawful/n64src/tcx/opt/libdragon/bin/../lib/gcc/mips64-elf/16.2.0/../../../../mips64-elf/lib/libdragon.a(debug.o)
                0x80010bc0                __debug_backtrace
 .text.debug_backtrace
                0x80010ce0       0x20 /home/mcawful/n64src/tcx/opt/libdragon/bin/../lib/gcc/mips64-elf/16.2.0/../../../../mips64-elf/lib/libdragon.a(debug.o)
                0x80010ce0                debug_backtrace
 .text.usb_64drive_read
                0x80010d00       0x60 /home/mcawful/n64src/tcx/opt/libdragon/bin/../lib/gcc/mips64-elf/16.2.0/../../../../mips64-elf/lib/libdragon.a(usb.o)
 .text.usb_64drive_poll
                0x80010d60      0x1a0 /home/mcawful/n64src/tcx/opt/libdragon/bin/../lib/gcc/mips64-elf/16.2.0/../../../../mips64-elf/lib/libdragon.a(usb.o)
 .text.usb_everdrive_usbbusy
                0x80010f00       0xe0 /home/mcawful/n64src/tcx/opt/libdragon/bin/../lib/gcc/mips64-elf/16.2.0/../../../../mips64-elf/lib/libdragon.a(usb.o)
 .text.usb_everdrive_readusb
                0x80010fe0       0xc0 /home/mcawful/n64src/tcx/opt/libdragon/bin/../lib/gcc/mips64-elf/16.2.0/../../../../mips64-elf/lib/libdragon.a(usb.o)
 .text.usb_everdrive_poll
                0x800110a0      0x220 /home/mcawful/n64src/tcx/opt/libdragon/bin/../lib/gcc/mips64-elf/16.2.0/../../../../mips64-elf/lib/libdragon.a(usb.o)
 .text.usb_everdrive_write
                0x800112c0      0x1c0 /home/mcawful/n64src/tcx/opt/libdragon/bin/../lib/gcc/mips64-elf/16.2.0/../../../../mips64-elf/lib/libdragon.a(usb.o)
 .text.usb_everdrive_read
                0x80011480       0x60 /home/mcawful/n64src/tcx/opt/libdragon/bin/../lib/gcc/mips64-elf/16.2.0/../../../../mips64-elf/lib/libdragon.a(usb.o)
 .text.usb_sc64_read
                0x800114e0       0x60 /home/mcawful/n64src/tcx/opt/libdragon/bin/../lib/gcc/mips64-elf/16.2.0/../../../../mips64-elf/lib/libdragon.a(usb.o)
 .text.usb_sc64_poll
                0x80011540      0x180 /home/mcawful/n64src/tcx/opt/libdragon/bin/../lib/gcc/mips64-elf/16.2.0/../../../../mips64-elf/lib/libdragon.a(usb.o)
 .text.usb_getcart
                0x800116c0       0x20 /home/mcawful/n64src/tcx/opt/libdragon/bin/../lib/gcc/mips64-elf/16.2.0/../../../../mips64-elf/lib/libdragon.a(usb.o)
                0x800116c0                usb_getcart
 .text.usb_write
                0x800116e0       0x40 /home/mcawful/n64src/tcx/opt/libdragon/bin/../lib/gcc/mips64-elf/16.2.0/../../../../mips64-elf/lib/libdragon.a(usb.o)
                0x800116e0                usb_write
 .text.usb_poll
                0x80011720       0x60 /home/mcawful/n64src/tcx/opt/libdragon/bin/../lib/gcc/mips64-elf/16.2.0/../../../../mips64-elf/lib/libdragon.a(usb.o)
                0x80011720                usb_poll
 .text.usb_read
                0x80011780      0x120 /home/mcawful/n64src/tcx/opt/libdragon/bin/../lib/gcc/mips64-elf/16.2.0/../../../../mips64-elf/lib/libdragon.a(usb.o)
                0x80011780                usb_read
 .text.usb_sendheartbeat
                0x800118a0       0x60 /home/mcawful/n64src/tcx/opt/libdragon/bin/../lib/gcc/mips64-elf/16.2.0/../../../../mips64-elf/lib/libdragon.a(usb.o)
                0x800118a0                usb_sendheartbeat
 .text.usb_initialize
                0x80011900      0x1e0 /home/mcawful/n64src/tcx/opt/libdragon/bin/../lib/gcc/mips64-elf/16.2.0/../../../../mips64-elf/lib/libdragon.a(usb.o)
                0x80011900                usb_initialize
 .text.usb_64drive_wait
                0x80011ae0       0xc0 /home/mcawful/n64src/tcx/opt/libdragon/bin/../lib/gcc/mips64-elf/16.2.0/../../../../mips64-elf/lib/libdragon.a(usb.o)
                0x80011ae0                usb_64drive_wait
 .text.usb_64drive_write
                0x80011ba0      0x220 /home/mcawful/n64src/tcx/opt/libdragon/bin/../lib/gcc/mips64-elf/16.2.0/../../../../mips64-elf/lib/libdragon.a(usb.o)
 .text.usb_sc64_execute_cmd
                0x80011dc0       0xc0 /home/mcawful/n64src/tcx/opt/libdragon/bin/../lib/gcc/mips64-elf/16.2.0/../../../../mips64-elf/lib/libdragon.a(usb.o)
                0x80011dc0                usb_sc64_execute_cmd
 .text.usb_sc64_write
                0x80011e80      0x2a0 /home/mcawful/n64src/tcx/opt/libdragon/bin/../lib/gcc/mips64-elf/16.2.0/../../../../mips64-elf/lib/libdragon.a(usb.o)
 .text.__console_render.part.0
                0x80012120      0x100 /home/mcawful/n64src/tcx/opt/libdragon/bin/../lib/gcc/mips64-elf/16.2.0/../../../../mips64-elf/lib/libdragon.a(console.o)
 .text.__console_write
                0x80012220      0x320 /home/mcawful/n64src/tcx/opt/libdragon/bin/../lib/gcc/mips64-elf/16.2.0/../../../../mips64-elf/lib/libdragon.a(console.o)
 .text.console_set_render_mode
                0x80012540       0x20 /home/mcawful/n64src/tcx/opt/libdragon/bin/../lib/gcc/mips64-elf/16.2.0/../../../../mips64-elf/lib/libdragon.a(console.o)
                0x80012540                console_set_render_mode
 .text.console_init
                0x80012560       0xe0 /home/mcawful/n64src/tcx/opt/libdragon/bin/../lib/gcc/mips64-elf/16.2.0/../../../../mips64-elf/lib/libdragon.a(console.o)
                0x80012560                console_init
 .text.console_clear
                0x80012640       0x80 /home/mcawful/n64src/tcx/opt/libdragon/bin/../lib/gcc/mips64-elf/16.2.0/../../../../mips64-elf/lib/libdragon.a(console.o)
                0x80012640                console_clear
 .text.console_render
                0x800126c0       0x40 /home/mcawful/n64src/tcx/opt/libdragon/bin/../lib/gcc/mips64-elf/16.2.0/../../../../mips64-elf/lib/libdragon.a(console.o)
                0x800126c0                console_render
 .text.console_set_debug
                0x80012700       0x20 /home/mcawful/n64src/tcx/opt/libdragon/bin/../lib/gcc/mips64-elf/16.2.0/../../../../mips64-elf/lib/libdragon.a(console.o)
                0x80012700                console_set_debug
 .text.graphics_draw_character.part.0
                0x80012720      0x4e0 /home/mcawful/n64src/tcx/opt/libdragon/bin/../lib/gcc/mips64-elf/16.2.0/../../../../mips64-elf/lib/libdragon.a(graphics.o)
 .text.graphics_set_color
                0x80012c00       0x20 /home/mcawful/n64src/tcx/opt/libdragon/bin/../lib/gcc/mips64-elf/16.2.0/../../../../mips64-elf/lib/libdragon.a(graphics.o)
                0x80012c00                graphics_set_color
 .text.graphics_draw_box
                0x80012c20      0x120 /home/mcawful/n64src/tcx/opt/libdragon/bin/../lib/gcc/mips64-elf/16.2.0/../../../../mips64-elf/lib/libdragon.a(graphics.o)
                0x80012c20                graphics_draw_box
 .text.graphics_fill_screen
                0x80012d40       0x80 /home/mcawful/n64src/tcx/opt/libdragon/bin/../lib/gcc/mips64-elf/16.2.0/../../../../mips64-elf/lib/libdragon.a(graphics.o)
                0x80012d40                graphics_fill_screen
 .text.graphics_set_default_font
                0x80012dc0       0x20 /home/mcawful/n64src/tcx/opt/libdragon/bin/../lib/gcc/mips64-elf/16.2.0/../../../../mips64-elf/lib/libdragon.a(graphics.o)
                0x80012dc0                graphics_set_default_font
 .text.graphics_draw_character
                0x80012de0       0x20 /home/mcawful/n64src/tcx/opt/libdragon/bin/../lib/gcc/mips64-elf/16.2.0/../../../../mips64-elf/lib/libdragon.a(graphics.o)
                0x80012de0                graphics_draw_character
 .text.graphics_draw_text
                0x80012e00      0x140 /home/mcawful/n64src/tcx/opt/libdragon/bin/../lib/gcc/mips64-elf/16.2.0/../../../../mips64-elf/lib/libdragon.a(graphics.o)
                0x80012e00                graphics_draw_text
 .text.cb.2     0x80012f40       0x60 /home/mcawful/n64src/tcx/opt/libdragon/bin/../lib/gcc/mips64-elf/16.2.0/../../../../mips64-elf/lib/libdragon.a(inspector.o)
 .text.cb.1     0x80012fa0       0x60 /home/mcawful/n64src/tcx/opt/libdragon/bin/../lib/gcc/mips64-elf/16.2.0/../../../../mips64-elf/lib/libdragon.a(inspector.o)
 .text.cb.0     0x80013000      0x120 /home/mcawful/n64src/tcx/opt/libdragon/bin/../lib/gcc/mips64-elf/16.2.0/../../../../mips64-elf/lib/libdragon.a(inspector.o)
 .text.cb.3     0x80013120      0x140 /home/mcawful/n64src/tcx/opt/libdragon/bin/../lib/gcc/mips64-elf/16.2.0/../../../../mips64-elf/lib/libdragon.a(inspector.o)
 .text.inspector_stdout
                0x80013260      0x300 /home/mcawful/n64src/tcx/opt/libdragon/bin/../lib/gcc/mips64-elf/16.2.0/../../../../mips64-elf/lib/libdragon.a(inspector.o)
 .text.title    0x80013560       0xa0 /home/mcawful/n64src/tcx/opt/libdragon/bin/../lib/gcc/mips64-elf/16.2.0/../../../../mips64-elf/lib/libdragon.a(inspector.o)
 .text.mips_disasm
                0x80013600      0x7e0 /home/mcawful/n64src/tcx/opt/libdragon/bin/../lib/gcc/mips64-elf/16.2.0/../../../../mips64-elf/lib/libdragon.a(inspector.o)
 .text.inspector
                0x80013de0      0xca0 /home/mcawful/n64src/tcx/opt/libdragon/bin/../lib/gcc/mips64-elf/16.2.0/../../../../mips64-elf/lib/libdragon.a(inspector.o)
 .text.handler.4
                0x80014a80       0x40 /home/mcawful/n64src/tcx/opt/libdragon/bin/../lib/gcc/mips64-elf/16.2.0/../../../../mips64-elf/lib/libdragon.a(inspector.o)
 .text.__inspector_exception
                0x80014ac0       0x20 /home/mcawful/n64src/tcx/opt/libdragon/bin/../lib/gcc/mips64-elf/16.2.0/../../../../mips64-elf/lib/libdragon.a(inspector.o)
                0x80014ac0                __inspector_exception
 .text.__inspector_assertion
                0x80014ae0       0x20 /home/mcawful/n64src/tcx/opt/libdragon/bin/../lib/gcc/mips64-elf/16.2.0/../../../../mips64-elf/lib/libdragon.a(inspector.o)
                0x80014ae0                __inspector_assertion
 .text.startup.__inspector_init
                0x80014b00       0x20 /home/mcawful/n64src/tcx/opt/libdragon/bin/../lib/gcc/mips64-elf/16.2.0/../../../../mips64-elf/lib/libdragon.a(inspector.o)
                0x80014b00                __inspector_init
 .text.dma_write_raw_async.part.0
                0x80014b20       0x40 /home/mcawful/n64src/tcx/opt/libdragon/bin/../lib/gcc/mips64-elf/16.2.0/../../../../mips64-elf/lib/libdragon.a(dma.o)
 .text.dma_read_async
                0x80014b60      0x4e0 /home/mcawful/n64src/tcx/opt/libdragon/bin/../lib/gcc/mips64-elf/16.2.0/../../../../mips64-elf/lib/libdragon.a(dma.o)
                0x80014b60                dma_read_async
 .text.dma_read
                0x80015040       0x40 /home/mcawful/n64src/tcx/opt/libdragon/bin/../lib/gcc/mips64-elf/16.2.0/../../../../mips64-elf/lib/libdragon.a(dma.o)
                0x80015040                dma_read
 .text.dma_write
                0x80015080       0xa0 /home/mcawful/n64src/tcx/opt/libdragon/bin/../lib/gcc/mips64-elf/16.2.0/../../../../mips64-elf/lib/libdragon.a(dma.o)
                0x80015080                dma_write
 .text.io_read  0x80015120       0x60 /home/mcawful/n64src/tcx/opt/libdragon/bin/../lib/gcc/mips64-elf/16.2.0/../../../../mips64-elf/lib/libdragon.a(dma.o)
                0x80015120                io_read
 .text.io_write
                0x80015180       0x60 /home/mcawful/n64src/tcx/opt/libdragon/bin/../lib/gcc/mips64-elf/16.2.0/../../../../mips64-elf/lib/libdragon.a(dma.o)
                0x80015180                io_write
 .text.timer_update_compare
                0x800151e0       0x40 /home/mcawful/n64src/tcx/opt/libdragon/bin/../lib/gcc/mips64-elf/16.2.0/../../../../mips64-elf/lib/libdragon.a(timer.o)
 .text.timer_poll
                0x80015220      0x180 /home/mcawful/n64src/tcx/opt/libdragon/bin/../lib/gcc/mips64-elf/16.2.0/../../../../mips64-elf/lib/libdragon.a(timer.o)
 .text.timer_init
                0x800153a0       0x60 /home/mcawful/n64src/tcx/opt/libdragon/bin/../lib/gcc/mips64-elf/16.2.0/../../../../mips64-elf/lib/libdragon.a(timer.o)
                0x800153a0                timer_init
 .text.new_timer_context
                0x80015400      0x100 /home/mcawful/n64src/tcx/opt/libdragon/bin/../lib/gcc/mips64-elf/16.2.0/../../../../mips64-elf/lib/libdragon.a(timer.o)
                0x80015400                new_timer_context
 .text.restart_timer
                0x80015500       0x80 /home/mcawful/n64src/tcx/opt/libdragon/bin/../lib/gcc/mips64-elf/16.2.0/../../../../mips64-elf/lib/libdragon.a(timer.o)
                0x80015500                restart_timer
 .text.stop_timer
                0x80015580       0xe0 /home/mcawful/n64src/tcx/opt/libdragon/bin/../lib/gcc/mips64-elf/16.2.0/../../../../mips64-elf/lib/libdragon.a(timer.o)
                0x80015580                stop_timer
 .text.timer_ticks
                0x80015660       0x60 /home/mcawful/n64src/tcx/opt/libdragon/bin/../lib/gcc/mips64-elf/16.2.0/../../../../mips64-elf/lib/libdragon.a(timer.o)
                0x80015660                timer_ticks
 .text.cb.0     0x800156c0       0x40 /home/mcawful/n64src/tcx/opt/libdragon/bin/../lib/gcc/mips64-elf/16.2.0/../../../../mips64-elf/lib/libdragon.a(exception.o)
 .text.cb.1     0x80015700       0x80 /home/mcawful/n64src/tcx/opt/libdragon/bin/../lib/gcc/mips64-elf/16.2.0/../../../../mips64-elf/lib/libdragon.a(exception.o)
 .text.is_unmapped_kx64
                0x80015780      0x1e0 /home/mcawful/n64src/tcx/opt/libdragon/bin/../lib/gcc/mips64-elf/16.2.0/../../../../mips64-elf/lib/libdragon.a(exception.o)
 .text.__get_exception_name.isra.0
                0x80015960      0x420 /home/mcawful/n64src/tcx/opt/libdragon/bin/../lib/gcc/mips64-elf/16.2.0/../../../../mips64-elf/lib/libdragon.a(exception.o)
 .text.__exception_dump_header
                0x80015d80      0x320 /home/mcawful/n64src/tcx/opt/libdragon/bin/../lib/gcc/mips64-elf/16.2.0/../../../../mips64-elf/lib/libdragon.a(exception.o)
                0x80015d80                __exception_dump_header
 .text.__exception_dump_gpr
                0x800160a0      0x180 /home/mcawful/n64src/tcx/opt/libdragon/bin/../lib/gcc/mips64-elf/16.2.0/../../../../mips64-elf/lib/libdragon.a(exception.o)
                0x800160a0                __exception_dump_gpr
 .text.__exception_dump_fpr
                0x80016220      0x340 /home/mcawful/n64src/tcx/opt/libdragon/bin/../lib/gcc/mips64-elf/16.2.0/../../../../mips64-elf/lib/libdragon.a(exception.o)
                0x80016220                __exception_dump_fpr
 .text.exception_default_handler
                0x80016560      0x1a0 /home/mcawful/n64src/tcx/opt/libdragon/bin/../lib/gcc/mips64-elf/16.2.0/../../../../mips64-elf/lib/libdragon.a(exception.o)
                0x80016560                exception_default_handler
 .text.__onCriticalException
                0x80016700       0x80 /home/mcawful/n64src/tcx/opt/libdragon/bin/../lib/gcc/mips64-elf/16.2.0/../../../../mips64-elf/lib/libdragon.a(exception.o)
                0x80016700                __onCriticalException
 .text.register_syscall_handler
                0x80016780      0x1a0 /home/mcawful/n64src/tcx/opt/libdragon/bin/../lib/gcc/mips64-elf/16.2.0/../../../../mips64-elf/lib/libdragon.a(exception.o)
                0x80016780                register_syscall_handler
 .text.__onSyscallException
                0x80016920      0x180 /home/mcawful/n64src/tcx/opt/libdragon/bin/../lib/gcc/mips64-elf/16.2.0/../../../../mips64-elf/lib/libdragon.a(exception.o)
                0x80016920                __onSyscallException
 .text.__register_frame_info
                0x80016aa0       0x20 /home/mcawful/n64src/tcx/opt/libdragon/bin/../lib/gcc/mips64-elf/16.2.0/../../../../mips64-elf/lib/libdragon.a(do_ctors.o)
                0x80016aa0                __register_frame_info
 .text.__wrap___do_global_ctors
                0x80016ac0       0xe0 /home/mcawful/n64src/tcx/opt/libdragon/bin/../lib/gcc/mips64-elf/16.2.0/../../../../mips64-elf/lib/libdragon.a(do_ctors.o)
                0x80016ac0                __wrap___do_global_ctors
 .text.controller_read
                0x80016ba0       0x20 /home/mcawful/n64src/tcx/opt/libdragon/bin/../lib/gcc/mips64-elf/16.2.0/../../../../mips64-elf/lib/libdragon.a(controller.o)
                0x80016ba0                controller_read
 .text.eeprom_present
                0x80016bc0       0xc0 /home/mcawful/n64src/tcx/opt/libdragon/bin/../lib/gcc/mips64-elf/16.2.0/../../../../mips64-elf/lib/libdragon.a(eeprom.o)
                0x80016bc0                eeprom_present
 .text.eeprom_total_blocks
                0x80016c80       0xc0 /home/mcawful/n64src/tcx/opt/libdragon/bin/../lib/gcc/mips64-elf/16.2.0/../../../../mips64-elf/lib/libdragon.a(eeprom.o)
                0x80016c80                eeprom_total_blocks
 .text.eeprom_read
                0x80016d40      0x180 /home/mcawful/n64src/tcx/opt/libdragon/bin/../lib/gcc/mips64-elf/16.2.0/../../../../mips64-elf/lib/libdragon.a(eeprom.o)
                0x80016d40                eeprom_read
 .text.eeprom_write
                0x80016ec0      0x1a0 /home/mcawful/n64src/tcx/opt/libdragon/bin/../lib/gcc/mips64-elf/16.2.0/../../../../mips64-elf/lib/libdragon.a(eeprom.o)
                0x80016ec0                eeprom_write
 .text.eeprom_read_bytes
                0x80017060      0x160 /home/mcawful/n64src/tcx/opt/libdragon/bin/../lib/gcc/mips64-elf/16.2.0/../../../../mips64-elf/lib/libdragon.a(eeprom.o)
                0x80017060                eeprom_read_bytes
 .text.eeprom_write_bytes
                0x800171c0      0x1a0 /home/mcawful/n64src/tcx/opt/libdragon/bin/../lib/gcc/mips64-elf/16.2.0/../../../../mips64-elf/lib/libdragon.a(eeprom.o)
                0x800171c0                eeprom_write_bytes
 .text.joybus_accessory_calculate_addr_checksum
                0x80017360       0x60 /home/mcawful/n64src/tcx/opt/libdragon/bin/../lib/gcc/mips64-elf/16.2.0/../../../../mips64-elf/lib/libdragon.a(joybus_accessory.o)
                0x80017360                joybus_accessory_calculate_addr_checksum
 .text.joybus_accessory_calculate_data_crc
                0x800173c0       0xa0 /home/mcawful/n64src/tcx/opt/libdragon/bin/../lib/gcc/mips64-elf/16.2.0/../../../../mips64-elf/lib/libdragon.a(joybus_accessory.o)
                0x800173c0                joybus_accessory_calculate_data_crc
 .text.joybus_accessory_compare_data_crc
                0x80017460       0x40 /home/mcawful/n64src/tcx/opt/libdragon/bin/../lib/gcc/mips64-elf/16.2.0/../../../../mips64-elf/lib/libdragon.a(joybus_accessory.o)
                0x80017460                joybus_accessory_compare_data_crc
 .text.joybus_accessory_read_async
                0x800174a0       0xe0 /home/mcawful/n64src/tcx/opt/libdragon/bin/../lib/gcc/mips64-elf/16.2.0/../../../../mips64-elf/lib/libdragon.a(joybus_accessory.o)
                0x800174a0                joybus_accessory_read_async
 .text.joybus_accessory_write_async
                0x80017580      0x120 /home/mcawful/n64src/tcx/opt/libdragon/bin/../lib/gcc/mips64-elf/16.2.0/../../../../mips64-elf/lib/libdragon.a(joybus_accessory.o)
                0x80017580                joybus_accessory_write_async
 .text.joybus_msg_send
                0x800176a0       0x80 /home/mcawful/n64src/tcx/opt/libdragon/bin/../lib/gcc/mips64-elf/16.2.0/../../../../mips64-elf/lib/libdragon.a(joybus.o)
 .text.callback.0
                0x80017720       0x80 /home/mcawful/n64src/tcx/opt/libdragon/bin/../lib/gcc/mips64-elf/16.2.0/../../../../mips64-elf/lib/libdragon.a(joybus.o)
 .text.si_interrupt
                0x800177a0      0x180 /home/mcawful/n64src/tcx/opt/libdragon/bin/../lib/gcc/mips64-elf/16.2.0/../../../../mips64-elf/lib/libdragon.a(joybus.o)
 .text.startup.__joybus_init
                0x80017920       0x60 /home/mcawful/n64src/tcx/opt/libdragon/bin/../lib/gcc/mips64-elf/16.2.0/../../../../mips64-elf/lib/libdragon.a(joybus.o)
                0x80017920                __joybus_init
 .text.joybus_exec_async
                0x80017980      0x180 /home/mcawful/n64src/tcx/opt/libdragon/bin/../lib/gcc/mips64-elf/16.2.0/../../../../mips64-elf/lib/libdragon.a(joybus.o)
                0x80017980                joybus_exec_async
 .text.joybus_exec
                0x80017b00      0x140 /home/mcawful/n64src/tcx/opt/libdragon/bin/../lib/gcc/mips64-elf/16.2.0/../../../../mips64-elf/lib/libdragon.a(joybus.o)
                0x80017b00                joybus_exec
 .text.joypad_inputs_from_n64_controller_read
                0x80017c40       0xc0 /home/mcawful/n64src/tcx/opt/libdragon/bin/../lib/gcc/mips64-elf/16.2.0/../../../../mips64-elf/lib/libdragon.a(joypad.o)
 .text.joypad_gcn_origin_callback
                0x80017d00       0xe0 /home/mcawful/n64src/tcx/opt/libdragon/bin/../lib/gcc/mips64-elf/16.2.0/../../../../mips64-elf/lib/libdragon.a(joypad.o)
 .text.joypad_read_callback
                0x80017de0       0x60 /home/mcawful/n64src/tcx/opt/libdragon/bin/../lib/gcc/mips64-elf/16.2.0/../../../../mips64-elf/lib/libdragon.a(joypad.o)
 .text.joybus_input_read_n64_controllers
                0x80017e40       0xe0 /home/mcawful/n64src/tcx/opt/libdragon/bin/../lib/gcc/mips64-elf/16.2.0/../../../../mips64-elf/lib/libdragon.a(joypad.o)
 .text.joypad_device_changed
                0x80017f20       0x80 /home/mcawful/n64src/tcx/opt/libdragon/bin/../lib/gcc/mips64-elf/16.2.0/../../../../mips64-elf/lib/libdragon.a(joypad.o)
 .text.joypad_identify_callback
                0x80017fa0      0x2c0 /home/mcawful/n64src/tcx/opt/libdragon/bin/../lib/gcc/mips64-elf/16.2.0/../../../../mips64-elf/lib/libdragon.a(joypad.o)
 .text.joypad_read_async.part.0
                0x80018260      0x200 /home/mcawful/n64src/tcx/opt/libdragon/bin/../lib/gcc/mips64-elf/16.2.0/../../../../mips64-elf/lib/libdragon.a(joypad.o)
 .text.joypad_identify_async.part.0
                0x80018460      0x120 /home/mcawful/n64src/tcx/opt/libdragon/bin/../lib/gcc/mips64-elf/16.2.0/../../../../mips64-elf/lib/libdragon.a(joypad.o)
 .text.joypad_poll.part.0
                0x80018580      0x540 /home/mcawful/n64src/tcx/opt/libdragon/bin/../lib/gcc/mips64-elf/16.2.0/../../../../mips64-elf/lib/libdragon.a(joypad.o)
 .text.joypad_vi_interrupt_callback
                0x80018ac0       0xa0 /home/mcawful/n64src/tcx/opt/libdragon/bin/../lib/gcc/mips64-elf/16.2.0/../../../../mips64-elf/lib/libdragon.a(joypad.o)
 .text.joypad_reset_interrupt_callback
                0x80018b60      0x2e0 /home/mcawful/n64src/tcx/opt/libdragon/bin/../lib/gcc/mips64-elf/16.2.0/../../../../mips64-elf/lib/libdragon.a(joypad.o)
 .text.joypad_init
                0x80018e40      0x1e0 /home/mcawful/n64src/tcx/opt/libdragon/bin/../lib/gcc/mips64-elf/16.2.0/../../../../mips64-elf/lib/libdragon.a(joypad.o)
                0x80018e40                joypad_init
 .text.joypad_poll
                0x80019020       0x60 /home/mcawful/n64src/tcx/opt/libdragon/bin/../lib/gcc/mips64-elf/16.2.0/../../../../mips64-elf/lib/libdragon.a(joypad.o)
                0x80019020                joypad_poll
 .text.joypad_get_rumble_supported
                0x80019080       0xa0 /home/mcawful/n64src/tcx/opt/libdragon/bin/../lib/gcc/mips64-elf/16.2.0/../../../../mips64-elf/lib/libdragon.a(joypad.o)
                0x80019080                joypad_get_rumble_supported
 .text.joypad_set_rumble_active
                0x80019120      0x1a0 /home/mcawful/n64src/tcx/opt/libdragon/bin/../lib/gcc/mips64-elf/16.2.0/../../../../mips64-elf/lib/libdragon.a(joypad.o)
                0x80019120                joypad_set_rumble_active
 .text.joypad_get_inputs
                0x800192c0       0xa0 /home/mcawful/n64src/tcx/opt/libdragon/bin/../lib/gcc/mips64-elf/16.2.0/../../../../mips64-elf/lib/libdragon.a(joypad.o)
                0x800192c0                joypad_get_inputs
 .text.joypad_get_buttons
                0x80019360       0xa0 /home/mcawful/n64src/tcx/opt/libdragon/bin/../lib/gcc/mips64-elf/16.2.0/../../../../mips64-elf/lib/libdragon.a(joypad.o)
                0x80019360                joypad_get_buttons
 .text.joypad_get_buttons_pressed
                0x80019400       0xa0 /home/mcawful/n64src/tcx/opt/libdragon/bin/../lib/gcc/mips64-elf/16.2.0/../../../../mips64-elf/lib/libdragon.a(joypad.o)
                0x80019400                joypad_get_buttons_pressed
 .text.data_cache_hit_writeback
                0x800194a0       0x60 /home/mcawful/n64src/tcx/opt/libdragon/bin/../lib/gcc/mips64-elf/16.2.0/../../../../mips64-elf/lib/libdragon.a(n64sys.o)
                0x800194a0                data_cache_hit_writeback
 .text.data_cache_hit_invalidate
                0x80019500       0x80 /home/mcawful/n64src/tcx/opt/libdragon/bin/../lib/gcc/mips64-elf/16.2.0/../../../../mips64-elf/lib/libdragon.a(n64sys.o)
                0x80019500                data_cache_hit_invalidate
 .text.data_cache_hit_writeback_invalidate
                0x80019580       0x60 /home/mcawful/n64src/tcx/opt/libdragon/bin/../lib/gcc/mips64-elf/16.2.0/../../../../mips64-elf/lib/libdragon.a(n64sys.o)
                0x80019580                data_cache_hit_writeback_invalidate
 .text.inst_cache_hit_invalidate
                0x800195e0       0x60 /home/mcawful/n64src/tcx/opt/libdragon/bin/../lib/gcc/mips64-elf/16.2.0/../../../../mips64-elf/lib/libdragon.a(n64sys.o)
                0x800195e0                inst_cache_hit_invalidate
 .text.malloc_uncached_aligned
                0x80019640       0x60 /home/mcawful/n64src/tcx/opt/libdragon/bin/../lib/gcc/mips64-elf/16.2.0/../../../../mips64-elf/lib/libdragon.a(n64sys.o)
                0x80019640                malloc_uncached_aligned
 .text.free_uncached
                0x800196a0       0x20 /home/mcawful/n64src/tcx/opt/libdragon/bin/../lib/gcc/mips64-elf/16.2.0/../../../../mips64-elf/lib/libdragon.a(n64sys.o)
                0x800196a0                free_uncached
 .text.get_ticks
                0x800196c0       0x60 /home/mcawful/n64src/tcx/opt/libdragon/bin/../lib/gcc/mips64-elf/16.2.0/../../../../mips64-elf/lib/libdragon.a(n64sys.o)
                0x800196c0                get_ticks
 .text.wait_ms  0x80019720       0x40 /home/mcawful/n64src/tcx/opt/libdragon/bin/../lib/gcc/mips64-elf/16.2.0/../../../../mips64-elf/lib/libdragon.a(n64sys.o)
                0x80019720                wait_ms
 .text.startup.__init_cop1
                0x80019760       0x40 /home/mcawful/n64src/tcx/opt/libdragon/bin/../lib/gcc/mips64-elf/16.2.0/../../../../mips64-elf/lib/libdragon.a(n64sys.o)
                0x80019760                __init_cop1
 .text.__MI_handler
                0x800197a0      0x220 /home/mcawful/n64src/tcx/opt/libdragon/bin/../lib/gcc/mips64-elf/16.2.0/../../../../mips64-elf/lib/libdragon.a(interrupt.o)
                0x800197a0                __MI_handler
 .text.__MI_BB_handler
                0x800199c0      0x2c0 /home/mcawful/n64src/tcx/opt/libdragon/bin/../lib/gcc/mips64-elf/16.2.0/../../../../mips64-elf/lib/libdragon.a(interrupt.o)
                0x800199c0                __MI_BB_handler
 .text.__TI_handler
                0x80019c80       0x60 /home/mcawful/n64src/tcx/opt/libdragon/bin/../lib/gcc/mips64-elf/16.2.0/../../../../mips64-elf/lib/libdragon.a(interrupt.o)
                0x80019c80                __TI_handler
 .text.__CART_handler
                0x80019ce0       0xe0 /home/mcawful/n64src/tcx/opt/libdragon/bin/../lib/gcc/mips64-elf/16.2.0/../../../../mips64-elf/lib/libdragon.a(interrupt.o)
                0x80019ce0                __CART_handler
 .text.__RESET_handler
                0x80019dc0       0x60 /home/mcawful/n64src/tcx/opt/libdragon/bin/../lib/gcc/mips64-elf/16.2.0/../../../../mips64-elf/lib/libdragon.a(interrupt.o)
                0x80019dc0                __RESET_handler
 .text.register_VI_handler
                0x80019e20       0x60 /home/mcawful/n64src/tcx/opt/libdragon/bin/../lib/gcc/mips64-elf/16.2.0/../../../../mips64-elf/lib/libdragon.a(interrupt.o)
                0x80019e20                register_VI_handler
 .text.unregister_VI_handler
                0x80019e80       0x60 /home/mcawful/n64src/tcx/opt/libdragon/bin/../lib/gcc/mips64-elf/16.2.0/../../../../mips64-elf/lib/libdragon.a(interrupt.o)
                0x80019e80                unregister_VI_handler
 .text.register_SI_handler
                0x80019ee0       0x60 /home/mcawful/n64src/tcx/opt/libdragon/bin/../lib/gcc/mips64-elf/16.2.0/../../../../mips64-elf/lib/libdragon.a(interrupt.o)
                0x80019ee0                register_SI_handler
 .text.register_TI_handler
                0x80019f40       0x60 /home/mcawful/n64src/tcx/opt/libdragon/bin/../lib/gcc/mips64-elf/16.2.0/../../../../mips64-elf/lib/libdragon.a(interrupt.o)
                0x80019f40                register_TI_handler
 .text.register_RESET_handler
                0x80019fa0       0x80 /home/mcawful/n64src/tcx/opt/libdragon/bin/../lib/gcc/mips64-elf/16.2.0/../../../../mips64-elf/lib/libdragon.a(interrupt.o)
                0x80019fa0                register_RESET_handler
 .text.set_VI_interrupt
                0x8001a020       0x40 /home/mcawful/n64src/tcx/opt/libdragon/bin/../lib/gcc/mips64-elf/16.2.0/../../../../mips64-elf/lib/libdragon.a(interrupt.o)
                0x8001a020                set_VI_interrupt
 .text.set_SI_interrupt
                0x8001a060       0x20 /home/mcawful/n64src/tcx/opt/libdragon/bin/../lib/gcc/mips64-elf/16.2.0/../../../../mips64-elf/lib/libdragon.a(interrupt.o)
                0x8001a060                set_SI_interrupt
 .text.set_TI_interrupt
                0x8001a080       0x40 /home/mcawful/n64src/tcx/opt/libdragon/bin/../lib/gcc/mips64-elf/16.2.0/../../../../mips64-elf/lib/libdragon.a(interrupt.o)
                0x8001a080                set_TI_interrupt
 .text.startup.__init_interrupts
                0x8001a0c0       0x60 /home/mcawful/n64src/tcx/opt/libdragon/bin/../lib/gcc/mips64-elf/16.2.0/../../../../mips64-elf/lib/libdragon.a(interrupt.o)
                0x8001a0c0                __init_interrupts
 .text.disable_interrupts
                0x8001a120       0x40 /home/mcawful/n64src/tcx/opt/libdragon/bin/../lib/gcc/mips64-elf/16.2.0/../../../../mips64-elf/lib/libdragon.a(interrupt.o)
                0x8001a120                disable_interrupts
 .text.enable_interrupts
                0x8001a160       0x80 /home/mcawful/n64src/tcx/opt/libdragon/bin/../lib/gcc/mips64-elf/16.2.0/../../../../mips64-elf/lib/libdragon.a(interrupt.o)
                0x8001a160                enable_interrupts
 .text.exception_reset_time
                0x8001a1e0       0x20 /home/mcawful/n64src/tcx/opt/libdragon/bin/../lib/gcc/mips64-elf/16.2.0/../../../../mips64-elf/lib/libdragon.a(interrupt.o)
                0x8001a1e0                exception_reset_time
 .text.cb.0     0x8001a200       0x40 /home/mcawful/n64src/tcx/opt/libdragon/bin/../lib/gcc/mips64-elf/16.2.0/../../../../mips64-elf/lib/libdragon.a(backtrace.o)
 .text.symt_open
                0x8001a240      0x1e0 /home/mcawful/n64src/tcx/opt/libdragon/bin/../lib/gcc/mips64-elf/16.2.0/../../../../mips64-elf/lib/libdragon.a(backtrace.o)
 .text.symt_addrtab_entry.isra.0
                0x8001a420       0x60 /home/mcawful/n64src/tcx/opt/libdragon/bin/../lib/gcc/mips64-elf/16.2.0/../../../../mips64-elf/lib/libdragon.a(backtrace.o)
 .text.format_entry
                0x8001a480      0x280 /home/mcawful/n64src/tcx/opt/libdragon/bin/../lib/gcc/mips64-elf/16.2.0/../../../../mips64-elf/lib/libdragon.a(backtrace.o)
 .text.symt_addrtab_search
                0x8001a700      0x1a0 /home/mcawful/n64src/tcx/opt/libdragon/bin/../lib/gcc/mips64-elf/16.2.0/../../../../mips64-elf/lib/libdragon.a(backtrace.o)
 .text.__symbolize
                0x8001a8a0      0x280 /home/mcawful/n64src/tcx/opt/libdragon/bin/../lib/gcc/mips64-elf/16.2.0/../../../../mips64-elf/lib/libdragon.a(backtrace.o)
                0x8001a8a0                __symbolize
 .text.__bt_analyze_func
                0x8001ab20      0x1c0 /home/mcawful/n64src/tcx/opt/libdragon/bin/../lib/gcc/mips64-elf/16.2.0/../../../../mips64-elf/lib/libdragon.a(backtrace.o)
                0x8001ab20                __bt_analyze_func
 .text.backtrace_foreach.constprop.0
                0x8001ace0      0x340 /home/mcawful/n64src/tcx/opt/libdragon/bin/../lib/gcc/mips64-elf/16.2.0/../../../../mips64-elf/lib/libdragon.a(backtrace.o)
 .text.backtrace
                0x8001b020       0xe0 /home/mcawful/n64src/tcx/opt/libdragon/bin/../lib/gcc/mips64-elf/16.2.0/../../../../mips64-elf/lib/libdragon.a(backtrace.o)
                0x8001b020                backtrace
 .text.backtrace_symbols_cb
                0x8001b100      0x300 /home/mcawful/n64src/tcx/opt/libdragon/bin/../lib/gcc/mips64-elf/16.2.0/../../../../mips64-elf/lib/libdragon.a(backtrace.o)
                0x8001b100                backtrace_symbols_cb
 .text.backtrace_frame_print
                0x8001b400       0xa0 /home/mcawful/n64src/tcx/opt/libdragon/bin/../lib/gcc/mips64-elf/16.2.0/../../../../mips64-elf/lib/libdragon.a(backtrace.o)
                0x8001b400                backtrace_frame_print
 .text.backtrace_frame_print_compact
                0x8001b4a0      0x180 /home/mcawful/n64src/tcx/opt/libdragon/bin/../lib/gcc/mips64-elf/16.2.0/../../../../mips64-elf/lib/libdragon.a(backtrace.o)
                0x8001b4a0                backtrace_frame_print_compact
 .text.rompak_search_ext
                0x8001b620      0x240 /home/mcawful/n64src/tcx/opt/libdragon/bin/../lib/gcc/mips64-elf/16.2.0/../../../../mips64-elf/lib/libdragon.a(rompak.o)
                0x8001b620                rompak_search_ext
 .text.__display_callback
                0x8001b860      0x140 /home/mcawful/n64src/tcx/opt/libdragon/bin/../lib/gcc/mips64-elf/16.2.0/../../../../mips64-elf/lib/libdragon.a(display.o)
 .text.display_show.part.0
                0x8001b9a0      0x180 /home/mcawful/n64src/tcx/opt/libdragon/bin/../lib/gcc/mips64-elf/16.2.0/../../../../mips64-elf/lib/libdragon.a(display.o)
 .text.display_init
                0x8001bb20      0x5e0 /home/mcawful/n64src/tcx/opt/libdragon/bin/../lib/gcc/mips64-elf/16.2.0/../../../../mips64-elf/lib/libdragon.a(display.o)
                0x8001bb20                display_init
 .text.display_close
                0x8001c100      0x100 /home/mcawful/n64src/tcx/opt/libdragon/bin/../lib/gcc/mips64-elf/16.2.0/../../../../mips64-elf/lib/libdragon.a(display.o)
                0x8001c100                display_close
 .text.display_try_get
                0x8001c200       0xc0 /home/mcawful/n64src/tcx/opt/libdragon/bin/../lib/gcc/mips64-elf/16.2.0/../../../../mips64-elf/lib/libdragon.a(display.o)
                0x8001c200                display_try_get
 .text.display_get
                0x8001c2c0      0x100 /home/mcawful/n64src/tcx/opt/libdragon/bin/../lib/gcc/mips64-elf/16.2.0/../../../../mips64-elf/lib/libdragon.a(display.o)
                0x8001c2c0                display_get
 .text.display_show
                0x8001c3c0       0x20 /home/mcawful/n64src/tcx/opt/libdragon/bin/../lib/gcc/mips64-elf/16.2.0/../../../../mips64-elf/lib/libdragon.a(display.o)
                0x8001c3c0                display_show
 .text.display_show_force
                0x8001c3e0       0x40 /home/mcawful/n64src/tcx/opt/libdragon/bin/../lib/gcc/mips64-elf/16.2.0/../../../../mips64-elf/lib/libdragon.a(display.o)
                0x8001c3e0                display_show_force
 .text.display_get_bitdepth
                0x8001c420       0x20 /home/mcawful/n64src/tcx/opt/libdragon/bin/../lib/gcc/mips64-elf/16.2.0/../../../../mips64-elf/lib/libdragon.a(display.o)
                0x8001c420                display_get_bitdepth
 .text.surface_alloc
                0x8001c440       0xc0 /home/mcawful/n64src/tcx/opt/libdragon/bin/../lib/gcc/mips64-elf/16.2.0/../../../../mips64-elf/lib/libdragon.a(surface.o)
                0x8001c440                surface_alloc
 .text.surface_free
                0x8001c500       0xa0 /home/mcawful/n64src/tcx/opt/libdragon/bin/../lib/gcc/mips64-elf/16.2.0/../../../../mips64-elf/lib/libdragon.a(surface.o)
                0x8001c500                surface_free
 .text.rsp_load_code
                0x8001c5a0       0xe0 /home/mcawful/n64src/tcx/opt/libdragon/bin/../lib/gcc/mips64-elf/16.2.0/../../../../mips64-elf/lib/libdragon.a(rsp.o)
                0x8001c5a0                rsp_load_code
 .text.rsp_load_data
                0x8001c680       0xe0 /home/mcawful/n64src/tcx/opt/libdragon/bin/../lib/gcc/mips64-elf/16.2.0/../../../../mips64-elf/lib/libdragon.a(rsp.o)
                0x8001c680                rsp_load_data
 .text.rsp_read_code
                0x8001c760       0xe0 /home/mcawful/n64src/tcx/opt/libdragon/bin/../lib/gcc/mips64-elf/16.2.0/../../../../mips64-elf/lib/libdragon.a(rsp.o)
                0x8001c760                rsp_read_code
 .text.rsp_read_data
                0x8001c840       0xe0 /home/mcawful/n64src/tcx/opt/libdragon/bin/../lib/gcc/mips64-elf/16.2.0/../../../../mips64-elf/lib/libdragon.a(rsp.o)
                0x8001c840                rsp_read_data
 .text.__rsp_crash
                0x8001c920      0xc60 /home/mcawful/n64src/tcx/opt/libdragon/bin/../lib/gcc/mips64-elf/16.2.0/../../../../mips64-elf/lib/libdragon.a(rsp.o)
                0x8001c920                __rsp_crash
 .text.__rsp_check_assert
                0x8001d580       0x80 /home/mcawful/n64src/tcx/opt/libdragon/bin/../lib/gcc/mips64-elf/16.2.0/../../../../mips64-elf/lib/libdragon.a(rsp.o)
                0x8001d580                __rsp_check_assert
 .text.rsp_wait
                0x8001d600      0x120 /home/mcawful/n64src/tcx/opt/libdragon/bin/../lib/gcc/mips64-elf/16.2.0/../../../../mips64-elf/lib/libdragon.a(rsp.o)
                0x8001d600                rsp_wait
 .text.joypad_transfer_pak_wait_timer_callback
                0x8001d720      0x140 /home/mcawful/n64src/tcx/opt/libdragon/bin/../lib/gcc/mips64-elf/16.2.0/../../../../mips64-elf/lib/libdragon.a(joypad_accessory.o)
 .text.joypad_accessory_check_read_crc_error
                0x8001d860      0x1a0 /home/mcawful/n64src/tcx/opt/libdragon/bin/../lib/gcc/mips64-elf/16.2.0/../../../../mips64-elf/lib/libdragon.a(joypad_accessory.o)
 .text.joypad_transfer_pak_enable_read_callback
                0x8001da00       0xa0 /home/mcawful/n64src/tcx/opt/libdragon/bin/../lib/gcc/mips64-elf/16.2.0/../../../../mips64-elf/lib/libdragon.a(joypad_accessory.o)
 .text.joypad_accessory_check_write_crc_error
                0x8001daa0      0x1a0 /home/mcawful/n64src/tcx/opt/libdragon/bin/../lib/gcc/mips64-elf/16.2.0/../../../../mips64-elf/lib/libdragon.a(joypad_accessory.o)
 .text.joypad_accessory_detect_write_callback
                0x8001dc40      0x340 /home/mcawful/n64src/tcx/opt/libdragon/bin/../lib/gcc/mips64-elf/16.2.0/../../../../mips64-elf/lib/libdragon.a(joypad_accessory.o)
 .text.joypad_rumble_pak_motor_write_callback
                0x8001df80       0xc0 /home/mcawful/n64src/tcx/opt/libdragon/bin/../lib/gcc/mips64-elf/16.2.0/../../../../mips64-elf/lib/libdragon.a(joypad_accessory.o)
 .text.joypad_transfer_pak_enable_write_callback
                0x8001e040      0x160 /home/mcawful/n64src/tcx/opt/libdragon/bin/../lib/gcc/mips64-elf/16.2.0/../../../../mips64-elf/lib/libdragon.a(joypad_accessory.o)
 .text.joypad_accessory_detect_read_callback
                0x8001e1a0      0x500 /home/mcawful/n64src/tcx/opt/libdragon/bin/../lib/gcc/mips64-elf/16.2.0/../../../../mips64-elf/lib/libdragon.a(joypad_accessory.o)
 .text.joypad_accessory_reset
                0x8001e6a0      0x140 /home/mcawful/n64src/tcx/opt/libdragon/bin/../lib/gcc/mips64-elf/16.2.0/../../../../mips64-elf/lib/libdragon.a(joypad_accessory.o)
                0x8001e6a0                joypad_accessory_reset
 .text.joypad_transfer_pak_wait_timer_init
                0x8001e7e0       0xe0 /home/mcawful/n64src/tcx/opt/libdragon/bin/../lib/gcc/mips64-elf/16.2.0/../../../../mips64-elf/lib/libdragon.a(joypad_accessory.o)
                0x8001e7e0                joypad_transfer_pak_wait_timer_init
 .text.joypad_accessory_detect_async
                0x8001e8c0      0x120 /home/mcawful/n64src/tcx/opt/libdragon/bin/../lib/gcc/mips64-elf/16.2.0/../../../../mips64-elf/lib/libdragon.a(joypad_accessory.o)
                0x8001e8c0                joypad_accessory_detect_async
 .text.joypad_rumble_pak_toggle_async
                0x8001e9e0       0xc0 /home/mcawful/n64src/tcx/opt/libdragon/bin/../lib/gcc/mips64-elf/16.2.0/../../../../mips64-elf/lib/libdragon.a(joypad_accessory.o)
                0x8001e9e0                joypad_rumble_pak_toggle_async
 .text.close    0x8001eaa0       0xe0 /home/mcawful/n64src/tcx/opt/libdragon/bin/../lib/gcc/mips64-elf/16.2.0/../../../../mips64-elf/lib/libdragonsys.a(system.o)
                0x8001eaa0                close
 .text._exit    0x8001eb80       0x20 /home/mcawful/n64src/tcx/opt/libdragon/bin/../lib/gcc/mips64-elf/16.2.0/../../../../mips64-elf/lib/libdragonsys.a(system.o)
                0x8001eb80                _exit
 .text.fstat    0x8001eba0       0xe0 /home/mcawful/n64src/tcx/opt/libdragon/bin/../lib/gcc/mips64-elf/16.2.0/../../../../mips64-elf/lib/libdragonsys.a(system.o)
                0x8001eba0                fstat
 .text.getpid   0x8001ec80       0x40 /home/mcawful/n64src/tcx/opt/libdragon/bin/../lib/gcc/mips64-elf/16.2.0/../../../../mips64-elf/lib/libdragonsys.a(system.o)
                0x8001ec80                getpid
 .text.isatty   0x8001ecc0       0x40 /home/mcawful/n64src/tcx/opt/libdragon/bin/../lib/gcc/mips64-elf/16.2.0/../../../../mips64-elf/lib/libdragonsys.a(system.o)
                0x8001ecc0                isatty
 .text.kill     0x8001ed00       0x40 /home/mcawful/n64src/tcx/opt/libdragon/bin/../lib/gcc/mips64-elf/16.2.0/../../../../mips64-elf/lib/libdragonsys.a(system.o)
                0x8001ed00                kill
 .text.lseek    0x8001ed40       0xe0 /home/mcawful/n64src/tcx/opt/libdragon/bin/../lib/gcc/mips64-elf/16.2.0/../../../../mips64-elf/lib/libdragonsys.a(system.o)
                0x8001ed40                lseek
 .text.read     0x8001ee20      0x140 /home/mcawful/n64src/tcx/opt/libdragon/bin/../lib/gcc/mips64-elf/16.2.0/../../../../mips64-elf/lib/libdragonsys.a(system.o)
                0x8001ee20                read
 .text.sbrk     0x8001ef60      0x120 /home/mcawful/n64src/tcx/opt/libdragon/bin/../lib/gcc/mips64-elf/16.2.0/../../../../mips64-elf/lib/libdragonsys.a(system.o)
                0x8001ef60                sbrk
 .text.write    0x8001f080      0x140 /home/mcawful/n64src/tcx/opt/libdragon/bin/../lib/gcc/mips64-elf/16.2.0/../../../../mips64-elf/lib/libdragonsys.a(system.o)
                0x8001f080                write
 .text.hook_stdio_calls
                0x8001f1c0       0x60 /home/mcawful/n64src/tcx/opt/libdragon/bin/../lib/gcc/mips64-elf/16.2.0/../../../../mips64-elf/lib/libdragonsys.a(system.o)
                0x8001f1c0                hook_stdio_calls
 .text._flush_cache
                0x8001f220       0x40 /home/mcawful/n64src/tcx/opt/libdragon/bin/../lib/gcc/mips64-elf/16.2.0/../../../../mips64-elf/lib/libdragonsys.a(system.o)
                0x8001f220                _flush_cache
 .text.__assert_func
                0x8001f260       0x20 /home/mcawful/n64src/tcx/opt/libdragon/bin/../lib/gcc/mips64-elf/16.2.0/../../../../mips64-elf/lib/libdragonsys.a(system.o)
                0x8001f260                __assert_func
 *(keep.text.*)
 *(.init)
 .init          0x8001f280        0x8 /home/mcawful/n64src/tcx/opt/libdragon/bin/../lib/gcc/mips64-elf/16.2.0/crti.o
                0x8001f280                _init
 *(.fini)
 .fini          0x8001f288        0x8 /home/mcawful/n64src/tcx/opt/libdragon/bin/../lib/gcc/mips64-elf/16.2.0/crti.o
                0x8001f288                _fini
 *(.gnu.linkonce.t.*)
                0x8001f290                        . = ALIGN (0x10)
                0x8001f290                        __text_end = .

.eh_frame_hdr
 *(.eh_frame_hdr)

.eh_frame       0x8001f290        0x4
                0x8001f290                        __EH_FRAME_BEGIN__ = .
 *(.eh_frame)
 .eh_frame      0x8001f290        0x0 /home/mcawful/n64src/tcx/opt/libdragon/bin/../lib/gcc/mips64-elf/16.2.0/crtbegin.o
 .eh_frame      0x8001f290        0x4 /home/mcawful/n64src/tcx/opt/libdragon/bin/../lib/gcc/mips64-elf/16.2.0/crtend.o

.gcc_except_table
 *(.gcc_except_table*)

.jcr
 *(.jcr)

.rodata         0x8001f298     0x4dd0
 *(.rdata)
 *(.rodata)
 .rodata        0x8001f298      0x188 /home/mcawful/n64src/tcx/opt/libdragon/bin/../lib/gcc/mips64-elf/16.2.0/../../../../mips64-elf/lib/libc.a(libc_a-vfprintf.o)
 .rodata        0x8001f420      0x128 /home/mcawful/n64src/tcx/opt/libdragon/bin/../lib/gcc/mips64-elf/16.2.0/../../../../mips64-elf/lib/libc.a(libc_a-mprec.o)
                0x8001f430                __mprec_tinytens
                0x8001f458                __mprec_bigtens
                0x8001f480                __mprec_tens
 .rodata        0x8001f548      0x288 /home/mcawful/n64src/tcx/opt/libdragon/bin/../lib/gcc/mips64-elf/16.2.0/../../../../mips64-elf/lib/libc.a(libc_a-ctype_.o)
                0x8001f548                _ctype_
                0x8001f650                _ctype_b
 .rodata        0x8001f7d0      0x188 /home/mcawful/n64src/tcx/opt/libdragon/bin/../lib/gcc/mips64-elf/16.2.0/../../../../mips64-elf/lib/libc.a(libc_a-svfprintf.o)
 *(.rodata.*)
 .rodata.main.str1.8
                0x8001f958     0x3226 build/main.o
                                0x344 (size before relaxing)
 .rodata.str1.8
                0x80022b7e        0x0 build/main.o
                                 0x32 (size before relaxing)
 *fill*         0x80022b7e        0x2 
 .rodata.CSWTCH.59
                0x80022b80       0x10 build/main.o
 .rodata.handle_m64t.constprop.0.str1.8
                0x80022b90        0x0 build/test_proto.o
                                 0x15 (size before relaxing)
 .rodata.handle_m64t.constprop.0
                0x80022b90       0x3c build/test_proto.o
 *fill*         0x80022bcc        0x4 
 .rodata.msg.7  0x80022bd0        0x9 build/test_proto.o
 .rodata.cb.0.str1.8
                0x80022bd9        0x0 /home/mcawful/n64src/tcx/opt/libdragon/bin/../lib/gcc/mips64-elf/16.2.0/../../../../mips64-elf/lib/libdragon.a(debug.o)
                                 0x1d (size before relaxing)
 .rodata.debug_assert_func_f.str1.8
                0x80022bd9        0x0 /home/mcawful/n64src/tcx/opt/libdragon/bin/../lib/gcc/mips64-elf/16.2.0/../../../../mips64-elf/lib/libdragon.a(debug.o)
                                 0x45 (size before relaxing)
 .rodata.debug_hexdump.str1.8
                0x80022bd9        0x0 /home/mcawful/n64src/tcx/opt/libdragon/bin/../lib/gcc/mips64-elf/16.2.0/../../../../mips64-elf/lib/libdragon.a(debug.o)
                                 0x33 (size before relaxing)
 .rodata.__debug_backtrace.str1.8
                0x80022bd9        0x0 /home/mcawful/n64src/tcx/opt/libdragon/bin/../lib/gcc/mips64-elf/16.2.0/../../../../mips64-elf/lib/libdragon.a(debug.o)
                                  0xc (size before relaxing)
 *fill*         0x80022bd9        0x7 
 .rodata.RESOLUTION_640x240
                0x80022be0        0xc /home/mcawful/n64src/tcx/opt/libdragon/bin/../lib/gcc/mips64-elf/16.2.0/../../../../mips64-elf/lib/libdragon.a(console.o)
 *fill*         0x80022bec        0x4 
 .rodata.__font_data
                0x80022bf0      0x800 /home/mcawful/n64src/tcx/opt/libdragon/bin/../lib/gcc/mips64-elf/16.2.0/../../../../mips64-elf/lib/libdragon.a(graphics.o)
 .rodata.cb.2.str1.8
                0x800233f0        0x0 /home/mcawful/n64src/tcx/opt/libdragon/bin/../lib/gcc/mips64-elf/16.2.0/../../../../mips64-elf/lib/libdragon.a(inspector.o)
                                 0x22 (size before relaxing)
 .rodata.cb.1.str1.8
                0x800233f0        0x0 /home/mcawful/n64src/tcx/opt/libdragon/bin/../lib/gcc/mips64-elf/16.2.0/../../../../mips64-elf/lib/libdragon.a(inspector.o)
                                  0xc (size before relaxing)
 .rodata.cb.0.str1.8
                0x800233f0        0x0 /home/mcawful/n64src/tcx/opt/libdragon/bin/../lib/gcc/mips64-elf/16.2.0/../../../../mips64-elf/lib/libdragon.a(inspector.o)
                                 0x27 (size before relaxing)
 .rodata.cb.3.str1.8
                0x800233f0        0x0 /home/mcawful/n64src/tcx/opt/libdragon/bin/../lib/gcc/mips64-elf/16.2.0/../../../../mips64-elf/lib/libdragon.a(inspector.o)
                                 0x2a (size before relaxing)
 .rodata.inspector_stdout
                0x800233f0       0x54 /home/mcawful/n64src/tcx/opt/libdragon/bin/../lib/gcc/mips64-elf/16.2.0/../../../../mips64-elf/lib/libdragon.a(inspector.o)
 .rodata.mips_disasm.str1.8
                0x80023444        0x0 /home/mcawful/n64src/tcx/opt/libdragon/bin/../lib/gcc/mips64-elf/16.2.0/../../../../mips64-elf/lib/libdragon.a(inspector.o)
                                0x216 (size before relaxing)
 .rodata.mips_disasm
                0x80023444      0x124 /home/mcawful/n64src/tcx/opt/libdragon/bin/../lib/gcc/mips64-elf/16.2.0/../../../../mips64-elf/lib/libdragon.a(inspector.o)
 .rodata.inspector.str1.8
                0x80023568        0x0 /home/mcawful/n64src/tcx/opt/libdragon/bin/../lib/gcc/mips64-elf/16.2.0/../../../../mips64-elf/lib/libdragon.a(inspector.o)
                                0x22c (size before relaxing)
 .rodata.inspector
                0x80023568       0x14 /home/mcawful/n64src/tcx/opt/libdragon/bin/../lib/gcc/mips64-elf/16.2.0/../../../../mips64-elf/lib/libdragon.a(inspector.o)
 .rodata.str1.8
                0x8002357c        0x0 /home/mcawful/n64src/tcx/opt/libdragon/bin/../lib/gcc/mips64-elf/16.2.0/../../../../mips64-elf/lib/libdragon.a(inspector.o)
                                0x843 (size before relaxing)
 *fill*         0x8002357c        0x4 
 .rodata.CSWTCH.131
                0x80023580       0x14 /home/mcawful/n64src/tcx/opt/libdragon/bin/../lib/gcc/mips64-elf/16.2.0/../../../../mips64-elf/lib/libdragon.a(inspector.o)
 *fill*         0x80023594        0x4 
 .rodata.cop0_regname.7
                0x80023598       0x80 /home/mcawful/n64src/tcx/opt/libdragon/bin/../lib/gcc/mips64-elf/16.2.0/../../../../mips64-elf/lib/libdragon.a(inspector.o)
 .rodata.fpu_ops.8
                0x80023618      0x100 /home/mcawful/n64src/tcx/opt/libdragon/bin/../lib/gcc/mips64-elf/16.2.0/../../../../mips64-elf/lib/libdragon.a(inspector.o)
 .rodata.special.9
                0x80023718      0x100 /home/mcawful/n64src/tcx/opt/libdragon/bin/../lib/gcc/mips64-elf/16.2.0/../../../../mips64-elf/lib/libdragon.a(inspector.o)
 .rodata.ops.10
                0x80023818      0x100 /home/mcawful/n64src/tcx/opt/libdragon/bin/../lib/gcc/mips64-elf/16.2.0/../../../../mips64-elf/lib/libdragon.a(inspector.o)
 .rodata.RESOLUTION_640x240
                0x80023918        0xc /home/mcawful/n64src/tcx/opt/libdragon/bin/../lib/gcc/mips64-elf/16.2.0/../../../../mips64-elf/lib/libdragon.a(inspector.o)
 .rodata.dma_write_raw_async.part.0.str1.8
                0x80023924        0x0 /home/mcawful/n64src/tcx/opt/libdragon/bin/../lib/gcc/mips64-elf/16.2.0/../../../../mips64-elf/lib/libdragon.a(dma.o)
                                 0x12 (size before relaxing)
 .rodata.dma_read_async.str1.8
                0x80023924        0x0 /home/mcawful/n64src/tcx/opt/libdragon/bin/../lib/gcc/mips64-elf/16.2.0/../../../../mips64-elf/lib/libdragon.a(dma.o)
                                 0x8d (size before relaxing)
 *fill*         0x80023924        0x4 
 .rodata.__func__.0
                0x80023928        0xf /home/mcawful/n64src/tcx/opt/libdragon/bin/../lib/gcc/mips64-elf/16.2.0/../../../../mips64-elf/lib/libdragon.a(dma.o)
 *fill*         0x80023937        0x1 
 .rodata.__func__.1
                0x80023938       0x14 /home/mcawful/n64src/tcx/opt/libdragon/bin/../lib/gcc/mips64-elf/16.2.0/../../../../mips64-elf/lib/libdragon.a(dma.o)
 .rodata.timer_poll.str1.8
                0x8002394c        0x0 /home/mcawful/n64src/tcx/opt/libdragon/bin/../lib/gcc/mips64-elf/16.2.0/../../../../mips64-elf/lib/libdragon.a(timer.o)
                                 0x89 (size before relaxing)
 .rodata.new_timer.str1.8
                0x8002394c        0x0 /home/mcawful/n64src/tcx/opt/libdragon/bin/../lib/gcc/mips64-elf/16.2.0/../../../../mips64-elf/lib/libdragon.a(timer.o)
                                 0x35 (size before relaxing)
 *fill*         0x8002394c        0x4 
 .rodata.__func__.0
                0x80023950        0xc /home/mcawful/n64src/tcx/opt/libdragon/bin/../lib/gcc/mips64-elf/16.2.0/../../../../mips64-elf/lib/libdragon.a(timer.o)
 *fill*         0x8002395c        0x4 
 .rodata.__func__.3
                0x80023960        0xb /home/mcawful/n64src/tcx/opt/libdragon/bin/../lib/gcc/mips64-elf/16.2.0/../../../../mips64-elf/lib/libdragon.a(timer.o)
 *fill*         0x8002396b        0x5 
 .rodata.__func__.6
                0x80023970       0x12 /home/mcawful/n64src/tcx/opt/libdragon/bin/../lib/gcc/mips64-elf/16.2.0/../../../../mips64-elf/lib/libdragon.a(timer.o)
 *fill*         0x80023982        0x6 
 .rodata.__func__.8
                0x80023988        0xb /home/mcawful/n64src/tcx/opt/libdragon/bin/../lib/gcc/mips64-elf/16.2.0/../../../../mips64-elf/lib/libdragon.a(timer.o)
 .rodata.cb.0.str1.8
                0x80023993        0x0 /home/mcawful/n64src/tcx/opt/libdragon/bin/../lib/gcc/mips64-elf/16.2.0/../../../../mips64-elf/lib/libdragon.a(exception.o)
                                 0x17 (size before relaxing)
 .rodata.cb.1.str1.8
                0x80023993        0x0 /home/mcawful/n64src/tcx/opt/libdragon/bin/../lib/gcc/mips64-elf/16.2.0/../../../../mips64-elf/lib/libdragon.a(exception.o)
                                 0x19 (size before relaxing)
 .rodata.__get_exception_name.isra.0.str1.8
                0x80023993        0x0 /home/mcawful/n64src/tcx/opt/libdragon/bin/../lib/gcc/mips64-elf/16.2.0/../../../../mips64-elf/lib/libdragon.a(exception.o)
                                0x34b (size before relaxing)
 *fill*         0x80023993        0x1 
 .rodata.__get_exception_name.isra.0
                0x80023994       0x40 /home/mcawful/n64src/tcx/opt/libdragon/bin/../lib/gcc/mips64-elf/16.2.0/../../../../mips64-elf/lib/libdragon.a(exception.o)
 .rodata.__exception_dump_header.str1.8
                0x800239d4        0x0 /home/mcawful/n64src/tcx/opt/libdragon/bin/../lib/gcc/mips64-elf/16.2.0/../../../../mips64-elf/lib/libdragon.a(exception.o)
                                0x1a5 (size before relaxing)
 .rodata.__exception_dump_header
                0x800239d4       0x60 /home/mcawful/n64src/tcx/opt/libdragon/bin/../lib/gcc/mips64-elf/16.2.0/../../../../mips64-elf/lib/libdragon.a(exception.o)
 .rodata.__exception_dump_gpr.str1.8
                0x80023a34        0x0 /home/mcawful/n64src/tcx/opt/libdragon/bin/../lib/gcc/mips64-elf/16.2.0/../../../../mips64-elf/lib/libdragon.a(exception.o)
                                 0x34 (size before relaxing)
 .rodata.__exception_dump_fpr.str1.8
                0x80023a34        0x0 /home/mcawful/n64src/tcx/opt/libdragon/bin/../lib/gcc/mips64-elf/16.2.0/../../../../mips64-elf/lib/libdragon.a(exception.o)
                                 0x3e (size before relaxing)
 .rodata.exception_default_handler.str1.8
                0x80023a34        0x0 /home/mcawful/n64src/tcx/opt/libdragon/bin/../lib/gcc/mips64-elf/16.2.0/../../../../mips64-elf/lib/libdragon.a(exception.o)
                                 0x3e (size before relaxing)
 .rodata.register_syscall_handler.str1.8
                0x80023a34        0x0 /home/mcawful/n64src/tcx/opt/libdragon/bin/../lib/gcc/mips64-elf/16.2.0/../../../../mips64-elf/lib/libdragon.a(exception.o)
                                0x143 (size before relaxing)
 *fill*         0x80023a34        0x4 
 .rodata.__func__.2
                0x80023a38       0x19 /home/mcawful/n64src/tcx/opt/libdragon/bin/../lib/gcc/mips64-elf/16.2.0/../../../../mips64-elf/lib/libdragon.a(exception.o)
 .rodata.str1.8
                0x80023a51        0x0 /home/mcawful/n64src/tcx/opt/libdragon/bin/../lib/gcc/mips64-elf/16.2.0/../../../../mips64-elf/lib/libdragon.a(exception.o)
                                0x166 (size before relaxing)
 *fill*         0x80023a51        0x7 
 .rodata.exceptionMap.3
                0x80023a58       0x80 /home/mcawful/n64src/tcx/opt/libdragon/bin/../lib/gcc/mips64-elf/16.2.0/../../../../mips64-elf/lib/libdragon.a(exception.o)
 .rodata.__do_global_ctors.str1.8
                0x80023ad8        0x0 /home/mcawful/n64src/tcx/opt/libdragon/bin/../lib/gcc/mips64-elf/16.2.0/../../../../mips64-elf/lib/libdragon.a(do_ctors.o)
                                 0xa1 (size before relaxing)
 .rodata.__wrap___do_global_ctors.str1.8
                0x80023ad8        0x0 /home/mcawful/n64src/tcx/opt/libdragon/bin/../lib/gcc/mips64-elf/16.2.0/../../../../mips64-elf/lib/libdragon.a(do_ctors.o)
                                 0xbb (size before relaxing)
 .rodata.__func__.0
                0x80023ad8       0x19 /home/mcawful/n64src/tcx/opt/libdragon/bin/../lib/gcc/mips64-elf/16.2.0/../../../../mips64-elf/lib/libdragon.a(do_ctors.o)
 *fill*         0x80023af1        0x7 
 .rodata.SI_read_con_block.6
                0x80023af8       0x40 /home/mcawful/n64src/tcx/opt/libdragon/bin/../lib/gcc/mips64-elf/16.2.0/../../../../mips64-elf/lib/libdragon.a(controller.o)
 .rodata.eeprom_write.str1.8
                0x80023b38        0x0 /home/mcawful/n64src/tcx/opt/libdragon/bin/../lib/gcc/mips64-elf/16.2.0/../../../../mips64-elf/lib/libdragon.a(eeprom.o)
                                 0x2c (size before relaxing)
 .rodata.__func__.0
                0x80023b38        0xd /home/mcawful/n64src/tcx/opt/libdragon/bin/../lib/gcc/mips64-elf/16.2.0/../../../../mips64-elf/lib/libdragon.a(eeprom.o)
 *fill*         0x80023b45        0x3 
 .rodata.xor_table.1
                0x80023b48       0x20 /home/mcawful/n64src/tcx/opt/libdragon/bin/../lib/gcc/mips64-elf/16.2.0/../../../../mips64-elf/lib/libdragon.a(joybus_accessory.o)
 .rodata.joybus_msg_send.str1.8
                0x80023b68        0x0 /home/mcawful/n64src/tcx/opt/libdragon/bin/../lib/gcc/mips64-elf/16.2.0/../../../../mips64-elf/lib/libdragon.a(joybus.o)
                                 0x5c (size before relaxing)
 .rodata.si_interrupt.str1.8
                0x80023b68        0x0 /home/mcawful/n64src/tcx/opt/libdragon/bin/../lib/gcc/mips64-elf/16.2.0/../../../../mips64-elf/lib/libdragon.a(joybus.o)
                                 0x40 (size before relaxing)
 .rodata.joybus_exec_async.str1.8
                0x80023b68        0x0 /home/mcawful/n64src/tcx/opt/libdragon/bin/../lib/gcc/mips64-elf/16.2.0/../../../../mips64-elf/lib/libdragon.a(joybus.o)
                                 0x4a (size before relaxing)
 .rodata.__func__.1
                0x80023b68       0x12 /home/mcawful/n64src/tcx/opt/libdragon/bin/../lib/gcc/mips64-elf/16.2.0/../../../../mips64-elf/lib/libdragon.a(joybus.o)
 *fill*         0x80023b7a        0x6 
 .rodata.__func__.2
                0x80023b80       0x10 /home/mcawful/n64src/tcx/opt/libdragon/bin/../lib/gcc/mips64-elf/16.2.0/../../../../mips64-elf/lib/libdragon.a(joybus.o)
 .rodata.__func__.3
                0x80023b90       0x10 /home/mcawful/n64src/tcx/opt/libdragon/bin/../lib/gcc/mips64-elf/16.2.0/../../../../mips64-elf/lib/libdragon.a(joybus.o)
 .rodata.__func__.4
                0x80023ba0        0xd /home/mcawful/n64src/tcx/opt/libdragon/bin/../lib/gcc/mips64-elf/16.2.0/../../../../mips64-elf/lib/libdragon.a(joybus.o)
 .rodata.joypad_get_axis_values.constprop.0.str1.8
                0x80023bad        0x0 /home/mcawful/n64src/tcx/opt/libdragon/bin/../lib/gcc/mips64-elf/16.2.0/../../../../mips64-elf/lib/libdragon.a(joypad.o)
                                 0xa7 (size before relaxing)
 .rodata.joypad_set_rumble_active.str1.8
                0x80023bad        0x0 /home/mcawful/n64src/tcx/opt/libdragon/bin/../lib/gcc/mips64-elf/16.2.0/../../../../mips64-elf/lib/libdragon.a(joypad.o)
                                 0x73 (size before relaxing)
 *fill*         0x80023bad        0x3 
 .rodata.__func__.3
                0x80023bb0       0x1b /home/mcawful/n64src/tcx/opt/libdragon/bin/../lib/gcc/mips64-elf/16.2.0/../../../../mips64-elf/lib/libdragon.a(joypad.o)
 *fill*         0x80023bcb        0x5 
 .rodata.__func__.4
                0x80023bd0       0x13 /home/mcawful/n64src/tcx/opt/libdragon/bin/../lib/gcc/mips64-elf/16.2.0/../../../../mips64-elf/lib/libdragon.a(joypad.o)
 *fill*         0x80023be3        0x5 
 .rodata.__func__.5
                0x80023be8       0x12 /home/mcawful/n64src/tcx/opt/libdragon/bin/../lib/gcc/mips64-elf/16.2.0/../../../../mips64-elf/lib/libdragon.a(joypad.o)
 *fill*         0x80023bfa        0x6 
 .rodata.__func__.6
                0x80023c00       0x24 /home/mcawful/n64src/tcx/opt/libdragon/bin/../lib/gcc/mips64-elf/16.2.0/../../../../mips64-elf/lib/libdragon.a(joypad.o)
 *fill*         0x80023c24        0x4 
 .rodata.__func__.7
                0x80023c28       0x19 /home/mcawful/n64src/tcx/opt/libdragon/bin/../lib/gcc/mips64-elf/16.2.0/../../../../mips64-elf/lib/libdragon.a(joypad.o)
 *fill*         0x80023c41        0x7 
 .rodata.__func__.9
                0x80023c48       0x1c /home/mcawful/n64src/tcx/opt/libdragon/bin/../lib/gcc/mips64-elf/16.2.0/../../../../mips64-elf/lib/libdragon.a(joypad.o)
 *fill*         0x80023c64        0x4 
 .rodata.__func__.18
                0x80023c68        0xc /home/mcawful/n64src/tcx/opt/libdragon/bin/../lib/gcc/mips64-elf/16.2.0/../../../../mips64-elf/lib/libdragon.a(joypad.o)
 *fill*         0x80023c74        0x4 
 .rodata.__func__.19
                0x80023c78        0xc /home/mcawful/n64src/tcx/opt/libdragon/bin/../lib/gcc/mips64-elf/16.2.0/../../../../mips64-elf/lib/libdragon.a(joypad.o)
 *fill*         0x80023c84        0x4 
 .rodata.__func__.20
                0x80023c88        0xd /home/mcawful/n64src/tcx/opt/libdragon/bin/../lib/gcc/mips64-elf/16.2.0/../../../../mips64-elf/lib/libdragon.a(joypad.o)
 .rodata.data_cache_hit_invalidate.str1.8
                0x80023c95        0x0 /home/mcawful/n64src/tcx/opt/libdragon/bin/../lib/gcc/mips64-elf/16.2.0/../../../../mips64-elf/lib/libdragon.a(n64sys.o)
                                 0x45 (size before relaxing)
 *fill*         0x80023c95        0x3 
 .rodata.__func__.1
                0x80023c98       0x1a /home/mcawful/n64src/tcx/opt/libdragon/bin/../lib/gcc/mips64-elf/16.2.0/../../../../mips64-elf/lib/libdragon.a(n64sys.o)
 .rodata.__MI_BB_handler.str1.8
                0x80023cb2        0x0 /home/mcawful/n64src/tcx/opt/libdragon/bin/../lib/gcc/mips64-elf/16.2.0/../../../../mips64-elf/lib/libdragon.a(interrupt.o)
                                0x18e (size before relaxing)
 .rodata.__CART_handler.str1.8
                0x80023cb2        0x0 /home/mcawful/n64src/tcx/opt/libdragon/bin/../lib/gcc/mips64-elf/16.2.0/../../../../mips64-elf/lib/libdragon.a(interrupt.o)
                                 0x7a (size before relaxing)
 .rodata.register_RESET_handler.str1.8
                0x80023cb2        0x0 /home/mcawful/n64src/tcx/opt/libdragon/bin/../lib/gcc/mips64-elf/16.2.0/../../../../mips64-elf/lib/libdragon.a(interrupt.o)
                                 0x1b (size before relaxing)
 .rodata.enable_interrupts.str1.8
                0x80023cb2        0x0 /home/mcawful/n64src/tcx/opt/libdragon/bin/../lib/gcc/mips64-elf/16.2.0/../../../../mips64-elf/lib/libdragon.a(interrupt.o)
                                 0x3c (size before relaxing)
 *fill*         0x80023cb2        0x6 
 .rodata.__func__.0
                0x80023cb8       0x12 /home/mcawful/n64src/tcx/opt/libdragon/bin/../lib/gcc/mips64-elf/16.2.0/../../../../mips64-elf/lib/libdragon.a(interrupt.o)
 *fill*         0x80023cca        0x6 
 .rodata.__func__.2
                0x80023cd0       0x17 /home/mcawful/n64src/tcx/opt/libdragon/bin/../lib/gcc/mips64-elf/16.2.0/../../../../mips64-elf/lib/libdragon.a(interrupt.o)
 *fill*         0x80023ce7        0x1 
 .rodata.__func__.3
                0x80023ce8        0xf /home/mcawful/n64src/tcx/opt/libdragon/bin/../lib/gcc/mips64-elf/16.2.0/../../../../mips64-elf/lib/libdragon.a(interrupt.o)
 *fill*         0x80023cf7        0x1 
 .rodata.__func__.5
                0x80023cf8       0x10 /home/mcawful/n64src/tcx/opt/libdragon/bin/../lib/gcc/mips64-elf/16.2.0/../../../../mips64-elf/lib/libdragon.a(interrupt.o)
 .rodata.symt_open.str1.8
                0x80023d08        0x0 /home/mcawful/n64src/tcx/opt/libdragon/bin/../lib/gcc/mips64-elf/16.2.0/../../../../mips64-elf/lib/libdragon.a(backtrace.o)
                                 0xc3 (size before relaxing)
 .rodata.symt_addrtab_entry.isra.0.str1.8
                0x80023d08        0x0 /home/mcawful/n64src/tcx/opt/libdragon/bin/../lib/gcc/mips64-elf/16.2.0/../../../../mips64-elf/lib/libdragon.a(backtrace.o)
                                 0x38 (size before relaxing)
 .rodata.format_entry.str1.8
                0x80023d08        0x0 /home/mcawful/n64src/tcx/opt/libdragon/bin/../lib/gcc/mips64-elf/16.2.0/../../../../mips64-elf/lib/libdragon.a(backtrace.o)
                                 0x14 (size before relaxing)
 .rodata.__symbolize.str1.8
                0x80023d08        0x0 /home/mcawful/n64src/tcx/opt/libdragon/bin/../lib/gcc/mips64-elf/16.2.0/../../../../mips64-elf/lib/libdragon.a(backtrace.o)
                                 0x13 (size before relaxing)
 .rodata.__bt_analyze_func.str1.8
                0x80023d08        0x0 /home/mcawful/n64src/tcx/opt/libdragon/bin/../lib/gcc/mips64-elf/16.2.0/../../../../mips64-elf/lib/libdragon.a(backtrace.o)
                                 0x42 (size before relaxing)
 .rodata.backtrace_foreach.constprop.0.str1.8
                0x80023d08        0x0 /home/mcawful/n64src/tcx/opt/libdragon/bin/../lib/gcc/mips64-elf/16.2.0/../../../../mips64-elf/lib/libdragon.a(backtrace.o)
                                 0x81 (size before relaxing)
 .rodata.backtrace_symbols_cb.str1.8
                0x80023d08        0x0 /home/mcawful/n64src/tcx/opt/libdragon/bin/../lib/gcc/mips64-elf/16.2.0/../../../../mips64-elf/lib/libdragon.a(backtrace.o)
                                 0x22 (size before relaxing)
 .rodata.backtrace_frame_print.str1.8
                0x80023d08        0x0 /home/mcawful/n64src/tcx/opt/libdragon/bin/../lib/gcc/mips64-elf/16.2.0/../../../../mips64-elf/lib/libdragon.a(backtrace.o)
                                 0x35 (size before relaxing)
 .rodata.backtrace_frame_print_compact.str1.8
                0x80023d08        0x0 /home/mcawful/n64src/tcx/opt/libdragon/bin/../lib/gcc/mips64-elf/16.2.0/../../../../mips64-elf/lib/libdragon.a(backtrace.o)
                                 0x2a (size before relaxing)
 .rodata.__func__.3
                0x80023d08       0x13 /home/mcawful/n64src/tcx/opt/libdragon/bin/../lib/gcc/mips64-elf/16.2.0/../../../../mips64-elf/lib/libdragon.a(backtrace.o)
 .rodata.rompak_search_ext.str1.8
                0x80023d1b        0x0 /home/mcawful/n64src/tcx/opt/libdragon/bin/../lib/gcc/mips64-elf/16.2.0/../../../../mips64-elf/lib/libdragon.a(rompak.o)
                                 0xb7 (size before relaxing)
 *fill*         0x80023d1b        0x5 
 .rodata.__func__.0
                0x80023d20       0x12 /home/mcawful/n64src/tcx/opt/libdragon/bin/../lib/gcc/mips64-elf/16.2.0/../../../../mips64-elf/lib/libdragon.a(rompak.o)
 .rodata.display_show.part.0.str1.8
                0x80023d32        0x0 /home/mcawful/n64src/tcx/opt/libdragon/bin/../lib/gcc/mips64-elf/16.2.0/../../../../mips64-elf/lib/libdragon.a(display.o)
                                 0xf9 (size before relaxing)
 .rodata.display_init.str1.8
                0x80023d32        0x0 /home/mcawful/n64src/tcx/opt/libdragon/bin/../lib/gcc/mips64-elf/16.2.0/../../../../mips64-elf/lib/libdragon.a(display.o)
                                0x251 (size before relaxing)
 *fill*         0x80023d32        0x2 
 .rodata.display_init
                0x80023d34       0x14 /home/mcawful/n64src/tcx/opt/libdragon/bin/../lib/gcc/mips64-elf/16.2.0/../../../../mips64-elf/lib/libdragon.a(display.o)
 .rodata.display_get.str1.8
                0x80023d48        0x0 /home/mcawful/n64src/tcx/opt/libdragon/bin/../lib/gcc/mips64-elf/16.2.0/../../../../mips64-elf/lib/libdragon.a(display.o)
                                 0x1c (size before relaxing)
 .rodata.__func__.0
                0x80023d48        0xd /home/mcawful/n64src/tcx/opt/libdragon/bin/../lib/gcc/mips64-elf/16.2.0/../../../../mips64-elf/lib/libdragon.a(display.o)
 *fill*         0x80023d55        0x3 
 .rodata.__func__.1
                0x80023d58        0xc /home/mcawful/n64src/tcx/opt/libdragon/bin/../lib/gcc/mips64-elf/16.2.0/../../../../mips64-elf/lib/libdragon.a(display.o)
 *fill*         0x80023d64        0x4 
 .rodata.__func__.4
                0x80023d68        0xd /home/mcawful/n64src/tcx/opt/libdragon/bin/../lib/gcc/mips64-elf/16.2.0/../../../../mips64-elf/lib/libdragon.a(display.o)
 *fill*         0x80023d75        0x3 
 .rodata.vi_config_presets
                0x80023d78      0x150 /home/mcawful/n64src/tcx/opt/libdragon/bin/../lib/gcc/mips64-elf/16.2.0/../../../../mips64-elf/lib/libdragon.a(display.o)
 .rodata.surface_alloc.str1.8
                0x80023ec8        0x0 /home/mcawful/n64src/tcx/opt/libdragon/bin/../lib/gcc/mips64-elf/16.2.0/../../../../mips64-elf/lib/libdragon.a(surface.o)
                                 0x62 (size before relaxing)
 .rodata.__func__.1
                0x80023ec8        0xe /home/mcawful/n64src/tcx/opt/libdragon/bin/../lib/gcc/mips64-elf/16.2.0/../../../../mips64-elf/lib/libdragon.a(surface.o)
 .rodata.rsp_load_code.str1.8
                0x80023ed6        0x0 /home/mcawful/n64src/tcx/opt/libdragon/bin/../lib/gcc/mips64-elf/16.2.0/../../../../mips64-elf/lib/libdragon.a(rsp.o)
                                 0x47 (size before relaxing)
 .rodata.rsp_load_data.str1.8
                0x80023ed6        0x0 /home/mcawful/n64src/tcx/opt/libdragon/bin/../lib/gcc/mips64-elf/16.2.0/../../../../mips64-elf/lib/libdragon.a(rsp.o)
                                 0x17 (size before relaxing)
 .rodata.__rsp_crash.str1.8
                0x80023ed6        0x0 /home/mcawful/n64src/tcx/opt/libdragon/bin/../lib/gcc/mips64-elf/16.2.0/../../../../mips64-elf/lib/libdragon.a(rsp.o)
                                0x7ef (size before relaxing)
 .rodata.rsp_wait.str1.8
                0x80023ed6        0x0 /home/mcawful/n64src/tcx/opt/libdragon/bin/../lib/gcc/mips64-elf/16.2.0/../../../../mips64-elf/lib/libdragon.a(rsp.o)
                                 0x1c (size before relaxing)
 *fill*         0x80023ed6        0x2 
 .rodata.__func__.0
                0x80023ed8        0x9 /home/mcawful/n64src/tcx/opt/libdragon/bin/../lib/gcc/mips64-elf/16.2.0/../../../../mips64-elf/lib/libdragon.a(rsp.o)
 *fill*         0x80023ee1        0x7 
 .rodata.__func__.1
                0x80023ee8        0xe /home/mcawful/n64src/tcx/opt/libdragon/bin/../lib/gcc/mips64-elf/16.2.0/../../../../mips64-elf/lib/libdragon.a(rsp.o)
 *fill*         0x80023ef6        0x2 
 .rodata.__func__.2